*** Start calculation ... ***
 ++++++++++++++++++++++++++++++++++++++++++++++++++++++++++++++++++++++++++++
 +                                                                          +
 + 2.5D-3V explicit parallel particle in cell code                          +
 +                                                                          +
 + LePIC 2.5D algorithm version: 4.7.4                                      +
 + Last modifications: Sep/2024                                             +
 +                                                                          +
 + Copyright or © or Copr. Gwenael Fubiani (2022/11/22)                     +
 +                                                                          +
 + gwenael.fubiani@cnrs.fr                                                  +
 +                                                                          +
 + This software is a computer program whose purpose is to model low        +
 + temperature plasmas with a Particle-In-Cell algorihm in 2.5D-3V          +
 + dimensions.                                                              +
 +                                                                          +
 + This software is governed by the CeCILL-C license under French law and   +
 + abiding by the rules of distribution of free software.  You can  use,    +
 + modify and/ or redistribute the software under the terms of the CeCILL-C +
 + license as circulated by CEA, CNRS and INRIA at the following URL        +
 + "http://www.cecill.info".                                                +
 +                                                                          +
 + As a counterpart to the access to the source code and  rights to copy,   +
 + modify and redistribute granted by the license, users are provided only  +
 + with a limited warranty and the software's author, the holder of the     +
 + economic rights,  and the successive licensors  have only  limited       +
 + liability.                                                               +
 +                                                                          +
 + In this respect, the user's attention is drawn to the risks associated   +
 + with loading,  using,  modifying and/or developing or reproducing the    +
 + software by the user in light of its specific status of free software,   +
 + that may mean  that it is complicated to manipulate,  and  that  also    +
 + therefore means  that it is reserved for developers  and  experienced    +
 + professionals having in-depth computer knowledge. Users are therefore    +
 + encouraged to load and test the software's suitability as regards their  +
 + requirements in conditions enabling the security of their systems and/or +
 + data to be ensured and,  more generally, to use and operate it in the    +
 + same conditions as regards security.                                     +
 +                                                                          +
 + The fact that you are presently reading this means that you have had     +
 + knowledge of the CeCILL-C license and that you accept its terms.         +
 ++++++++++++++++++++++++++++++++++++++++++++++++++++++++++++++++++++++++++++
                                                  
 Number of OpenMP threads=  16
 Number of MPI threads=   2
 Input file was read correctly ...
 eps0 HAS BEEN RE-SCALED: k_eps0=   36000.0000000000     
 Gas chemistry read correctly (end of file reached)
 Total number of reactions:         578
 Updated hole radius (cm):    0.91 cm
 Gaussian magnetic filter field profile
 Frequency of calls to collision subroutine=  10
 Frequency of calls to electron heating subroutine=   4
 Electron velocity sampled from a Maxwellian: velocity is replaced
 Frequency of calls to sort subroutine=  10
 Heating region (cm): x<=   0.0, x>=  16.0, y<=   0.0, y>=  58.0
 Particle loading region: nx<=   129
 Loading particles ...
 Particles: [e]   [H2+] [H-]  [H3+] [H+] 
 np=    379328    169987         0     94240    113288
 lde (mm)=   6.30790928233794     
 lpe (mm)=   10708.4415408690     
 vt (m/s)=   1569187.13117733       0.000000000000000E+000
  0.000000000000000E+000  0.000000000000000E+000  0.000000000000000E+000
 <|v|> (m/s)=   1770638.06809487     
 dx (mm)=   3.12500000000000      dx/lde=  0.495409787954617     
 dy (mm)=   3.02083333333333      dy/lde=  0.478896128356130     
 Nm=   52864583333.3333     
 dt (s)=  5.775283151347667E-010 , wpe*dt=  0.101589209953381     
 vte*dt/dx=  0.300000000000000     
 Bm(T)=   7.50E-03, wc*dt=  0.76, wc (/s)=   1.3191E+09, re (mm)=  1.19
 err: w*/wc=  0.96, r*/re=  1.07
 Multigrid PDE Solver is used, eps=   1.00E-08
 ng=  7
 nx=  128, ny=  192 # of cells:    18966
 Frequency for averaging=  50
 Absorbed power profile is flattop
 *** Startup time (s):  31.9 ***
  
 Running simulation ...
 it=        1, t (us)=    0.0, np=    377675     169981          0      94235     113285
 Pwall (W)=  -3.06E+05, Pabs (W)=   0.00E+00, Pcoll (W)=   0.00E+00, Pinj (W)=   0.00E+00, I_w (A)=  -2.42E+04    2.05E+02  , Ek_w (eV)=   1.40E+01    7.85E-08
forrtl: No such file or directory
forrtl: severe (29): file not found, unit 42, file /home/cmackenzie/PIC-codes/LePIC/JD_LePIC/JD_LePIC/DATA.BAK/particles1.bak
Image              PC                Routine            Line        Source             
2dphpic.exe        0000000000473699  Unknown               Unknown  Unknown
2dphpic.exe        000000000041D1BC  Unknown               Unknown  Unknown
2dphpic.exe        000000000040653D  Unknown               Unknown  Unknown
libc.so.6          000015054682A610  Unknown               Unknown  Unknown
libc.so.6          000015054682A6C0  __libc_start_main     Unknown  Unknown
2dphpic.exe        0000000000406425  Unknown               Unknown  Unknown

===================================================================================
=   BAD TERMINATION OF ONE OF YOUR APPLICATION PROCESSES
=   RANK 0 PID 840818 RUNNING AT si-server.selkirk.ca
=   KILLED BY SIGNAL: 9 (Killed)
===================================================================================

real	29m31.490s
user	883m38.502s
sys	1m39.805s
 Total calculation time : 29 min 32 sec
