 # null collision frequency for each species
  6.00000000E+07  5.00000000E+06  5.00000000E+06  8.48203339E+05  3.77805119E+06
 # sum of collision frequencies for each species
  9.16876619E+06  1.18151266E+05  2.26593461E+05  1.80449154E+05  5.02812611E+05
 # reaction index/frequencies for each species
  1  2.71079152E+04 20  6.04249750E+04 32  3.70755511E+03 14  1.50743879E+05 23  5.36295054E+04
  2  7.21405828E+03 21  4.76867006E+04 33  1.18179322E+04 15  2.52596495E+04 24  1.17121636E+04
  3  3.40777088E+03 22  7.93746750E+03 34  5.39002868E+04  0  0.00000000E+00 25  1.20844775E+05
  4  2.10400335E+03  0  0.00000000E+00 35  8.24211866E+03  0  0.00000000E+00 26  1.65477660E+05
  5  1.34911953E+04  0  0.00000000E+00 39  6.22304372E+03  0  0.00000000E+00 27  1.09896015E+05
  6  5.08065312E+05  0  0.00000000E+00 40  1.33875854E+05  0  0.00000000E+00 28  2.26259094E+04
 10  5.07363070E+02  0  0.00000000E+00  0  0.00000000E+00  0  0.00000000E+00 29  5.89837495E+03
 11  5.07363070E+02  0  0.00000000E+00  0  0.00000000E+00  0  0.00000000E+00 36  6.78803109E+01
 12  1.66981938E+03  0  0.00000000E+00  0  0.00000000E+00  0  0.00000000E+00 37  1.28382601E+03
 13  1.66981938E+03  0  0.00000000E+00  0  0.00000000E+00  0  0.00000000E+00 38  4.34511775E+00
 16  6.18150630E+03  0  0.00000000E+00  0  0.00000000E+00  0  0.00000000E+00  0  0.00000000E+00
 17  4.16147082E+04  0  0.00000000E+00  0  0.00000000E+00  0  0.00000000E+00  0  0.00000000E+00
 18  1.23663121E+03  0  0.00000000E+00  0  0.00000000E+00  0  0.00000000E+00  0  0.00000000E+00
 19  1.29793473E+02  0  0.00000000E+00  0  0.00000000E+00  0  0.00000000E+00  0  0.00000000E+00
 30  6.47206415E+03  0  0.00000000E+00  0  0.00000000E+00  0  0.00000000E+00  0  0.00000000E+00
 31  1.29147131E+03  0  0.00000000E+00  0  0.00000000E+00  0  0.00000000E+00  0  0.00000000E+00
 41  6.12820283E+06  0  0.00000000E+00  0  0.00000000E+00  0  0.00000000E+00  0  0.00000000E+00
 42  1.19707847E+01  0  0.00000000E+00  0  0.00000000E+00  0  0.00000000E+00  0  0.00000000E+00
 43  8.10077100E+00  0  0.00000000E+00  0  0.00000000E+00  0  0.00000000E+00  0  0.00000000E+00
 44  6.42026981E+03  0  0.00000000E+00  0  0.00000000E+00  0  0.00000000E+00  0  0.00000000E+00
 45  1.15921951E+05  0  0.00000000E+00  0  0.00000000E+00  0  0.00000000E+00  0  0.00000000E+00
 46  7.79011609E+03  0  0.00000000E+00  0  0.00000000E+00  0  0.00000000E+00  0  0.00000000E+00
 47  4.22415211E+02  0  0.00000000E+00  0  0.00000000E+00  0  0.00000000E+00  0  0.00000000E+00
 48  7.08192226E+01  0  0.00000000E+00  0  0.00000000E+00  0  0.00000000E+00  0  0.00000000E+00
 49  3.42575708E+06  0  0.00000000E+00  0  0.00000000E+00  0  0.00000000E+00  0  0.00000000E+00
 50  6.67094609E+03  0  0.00000000E+00  0  0.00000000E+00  0  0.00000000E+00  0  0.00000000E+00
 51  1.75127841E+04  0  0.00000000E+00  0  0.00000000E+00  0  0.00000000E+00  0  0.00000000E+00
 52  1.05563863E+05  0  0.00000000E+00  0  0.00000000E+00  0  0.00000000E+00  0  0.00000000E+00
 53  7.21444949E+03  0  0.00000000E+00  0  0.00000000E+00  0  0.00000000E+00  0  0.00000000E+00
 54  1.93162101E+04  0  0.00000000E+00  0  0.00000000E+00  0  0.00000000E+00  0  0.00000000E+00
 55  1.24175174E+05  0  0.00000000E+00  0  0.00000000E+00  0  0.00000000E+00  0  0.00000000E+00
 56  3.15657872E+04  0  0.00000000E+00  0  0.00000000E+00  0  0.00000000E+00  0  0.00000000E+00
 57  1.01391000E+04  0  0.00000000E+00  0  0.00000000E+00  0  0.00000000E+00  0  0.00000000E+00
 58  9.38884676E+03  0  0.00000000E+00  0  0.00000000E+00  0  0.00000000E+00  0  0.00000000E+00
 59  8.85528580E+03  0  0.00000000E+00  0  0.00000000E+00  0  0.00000000E+00  0  0.00000000E+00
 60  8.37933233E+03  0  0.00000000E+00  0  0.00000000E+00  0  0.00000000E+00  0  0.00000000E+00
 61  7.30197342E+03  0  0.00000000E+00  0  0.00000000E+00  0  0.00000000E+00  0  0.00000000E+00
 62  4.63605470E+03  0  0.00000000E+00  0  0.00000000E+00  0  0.00000000E+00  0  0.00000000E+00
 63  1.97365792E+04  0  0.00000000E+00  0  0.00000000E+00  0  0.00000000E+00  0  0.00000000E+00
 64  1.74748850E+04  0  0.00000000E+00  0  0.00000000E+00  0  0.00000000E+00  0  0.00000000E+00
 65  1.73138098E+04  0  0.00000000E+00  0  0.00000000E+00  0  0.00000000E+00  0  0.00000000E+00
 66  1.69601822E+04  0  0.00000000E+00  0  0.00000000E+00  0  0.00000000E+00  0  0.00000000E+00
 67  1.62646869E+04  0  0.00000000E+00  0  0.00000000E+00  0  0.00000000E+00  0  0.00000000E+00
 68  1.46901597E+04  0  0.00000000E+00  0  0.00000000E+00  0  0.00000000E+00  0  0.00000000E+00
 69  1.28570189E+04  0  0.00000000E+00  0  0.00000000E+00  0  0.00000000E+00  0  0.00000000E+00
 70  1.13377769E+04  0  0.00000000E+00  0  0.00000000E+00  0  0.00000000E+00  0  0.00000000E+00
 71  7.20046707E+04  0  0.00000000E+00  0  0.00000000E+00  0  0.00000000E+00  0  0.00000000E+00
 72  1.04331570E+01  0  0.00000000E+00  0  0.00000000E+00  0  0.00000000E+00  0  0.00000000E+00
 73  7.13599461E+00  0  0.00000000E+00  0  0.00000000E+00  0  0.00000000E+00  0  0.00000000E+00
 74  4.45498992E+00  0  0.00000000E+00  0  0.00000000E+00  0  0.00000000E+00  0  0.00000000E+00
 75  2.39192252E+00  0  0.00000000E+00  0  0.00000000E+00  0  0.00000000E+00  0  0.00000000E+00
 76  1.02130087E+00  0  0.00000000E+00  0  0.00000000E+00  0  0.00000000E+00  0  0.00000000E+00
 77  4.86383765E+03  0  0.00000000E+00  0  0.00000000E+00  0  0.00000000E+00  0  0.00000000E+00
 78  9.78399639E+02  0  0.00000000E+00  0  0.00000000E+00  0  0.00000000E+00  0  0.00000000E+00
 79  4.70083307E+02  0  0.00000000E+00  0  0.00000000E+00  0  0.00000000E+00  0  0.00000000E+00
 80  1.48388319E+02  0  0.00000000E+00  0  0.00000000E+00  0  0.00000000E+00  0  0.00000000E+00
 81  6.69141545E+01  0  0.00000000E+00  0  0.00000000E+00  0  0.00000000E+00  0  0.00000000E+00
 82  5.86362282E+01  0  0.00000000E+00  0  0.00000000E+00  0  0.00000000E+00  0  0.00000000E+00
 83  3.32368220E+01  0  0.00000000E+00  0  0.00000000E+00  0  0.00000000E+00  0  0.00000000E+00
 84  1.57526461E+01  0  0.00000000E+00  0  0.00000000E+00  0  0.00000000E+00  0  0.00000000E+00
 85  3.88713591E+00  0  0.00000000E+00  0  0.00000000E+00  0  0.00000000E+00  0  0.00000000E+00
 86  6.22716104E+00  0  0.00000000E+00  0  0.00000000E+00  0  0.00000000E+00  0  0.00000000E+00
 87  2.17040798E+03  0  0.00000000E+00  0  0.00000000E+00  0  0.00000000E+00  0  0.00000000E+00
 88  1.82452429E+04  0  0.00000000E+00  0  0.00000000E+00  0  0.00000000E+00  0  0.00000000E+00
 89  2.19291210E+03  0  0.00000000E+00  0  0.00000000E+00  0  0.00000000E+00  0  0.00000000E+00
 90  2.87405547E+02  0  0.00000000E+00  0  0.00000000E+00  0  0.00000000E+00  0  0.00000000E+00
 91  6.03698912E+01  0  0.00000000E+00  0  0.00000000E+00  0  0.00000000E+00  0  0.00000000E+00
 92  4.26820753E+05  0  0.00000000E+00  0  0.00000000E+00  0  0.00000000E+00  0  0.00000000E+00
 93  1.06930495E+03  0  0.00000000E+00  0  0.00000000E+00  0  0.00000000E+00  0  0.00000000E+00
 94  2.82154763E+03  0  0.00000000E+00  0  0.00000000E+00  0  0.00000000E+00  0  0.00000000E+00
 95  1.62724082E+04  0  0.00000000E+00  0  0.00000000E+00  0  0.00000000E+00  0  0.00000000E+00
 96  1.04368575E+03  0  0.00000000E+00  0  0.00000000E+00  0  0.00000000E+00  0  0.00000000E+00
 97  2.83427970E+03  0  0.00000000E+00  0  0.00000000E+00  0  0.00000000E+00  0  0.00000000E+00
 98  1.78634821E+04  0  0.00000000E+00  0  0.00000000E+00  0  0.00000000E+00  0  0.00000000E+00
 99  1.93765881E+03  0  0.00000000E+00  0  0.00000000E+00  0  0.00000000E+00  0  0.00000000E+00
100  2.07567524E+03  0  0.00000000E+00  0  0.00000000E+00  0  0.00000000E+00  0  0.00000000E+00
101  2.05356976E+03  0  0.00000000E+00  0  0.00000000E+00  0  0.00000000E+00  0  0.00000000E+00
102  1.81039534E+03  0  0.00000000E+00  0  0.00000000E+00  0  0.00000000E+00  0  0.00000000E+00
103  1.34116668E+03  0  0.00000000E+00  0  0.00000000E+00  0  0.00000000E+00  0  0.00000000E+00
104  7.43848456E+02  0  0.00000000E+00  0  0.00000000E+00  0  0.00000000E+00  0  0.00000000E+00
105  3.37157011E+03  0  0.00000000E+00  0  0.00000000E+00  0  0.00000000E+00  0  0.00000000E+00
106  5.60899606E+03  0  0.00000000E+00  0  0.00000000E+00  0  0.00000000E+00  0  0.00000000E+00
107  4.27577371E+03  0  0.00000000E+00  0  0.00000000E+00  0  0.00000000E+00  0  0.00000000E+00
108  3.40390685E+03  0  0.00000000E+00  0  0.00000000E+00  0  0.00000000E+00  0  0.00000000E+00
109  2.59380174E+03  0  0.00000000E+00  0  0.00000000E+00  0  0.00000000E+00  0  0.00000000E+00
110  1.97515368E+03  0  0.00000000E+00  0  0.00000000E+00  0  0.00000000E+00  0  0.00000000E+00
111  1.69501985E+03  0  0.00000000E+00  0  0.00000000E+00  0  0.00000000E+00  0  0.00000000E+00
112  1.73484190E+03  0  0.00000000E+00  0  0.00000000E+00  0  0.00000000E+00  0  0.00000000E+00
113  1.09629764E+04  0  0.00000000E+00  0  0.00000000E+00  0  0.00000000E+00  0  0.00000000E+00
114  4.08892089E+00  0  0.00000000E+00  0  0.00000000E+00  0  0.00000000E+00  0  0.00000000E+00
115  2.09969588E+00  0  0.00000000E+00  0  0.00000000E+00  0  0.00000000E+00  0  0.00000000E+00
116  1.38358050E+00  0  0.00000000E+00  0  0.00000000E+00  0  0.00000000E+00  0  0.00000000E+00
117  9.30736677E-01  0  0.00000000E+00  0  0.00000000E+00  0  0.00000000E+00  0  0.00000000E+00
118  2.99598294E-01  0  0.00000000E+00  0  0.00000000E+00  0  0.00000000E+00  0  0.00000000E+00
119  2.03101245E+04  0  0.00000000E+00  0  0.00000000E+00  0  0.00000000E+00  0  0.00000000E+00
120  2.20889730E+03  0  0.00000000E+00  0  0.00000000E+00  0  0.00000000E+00  0  0.00000000E+00
121  3.50496198E+02  0  0.00000000E+00  0  0.00000000E+00  0  0.00000000E+00  0  0.00000000E+00
122  7.95627506E+01  0  0.00000000E+00  0  0.00000000E+00  0  0.00000000E+00  0  0.00000000E+00
123  2.61767563E+01  0  0.00000000E+00  0  0.00000000E+00  0  0.00000000E+00  0  0.00000000E+00
124  1.07208719E+01  0  0.00000000E+00  0  0.00000000E+00  0  0.00000000E+00  0  0.00000000E+00
125  6.50617790E+00  0  0.00000000E+00  0  0.00000000E+00  0  0.00000000E+00  0  0.00000000E+00
126  5.80392787E+00  0  0.00000000E+00  0  0.00000000E+00  0  0.00000000E+00  0  0.00000000E+00
127  2.93485993E+02  0  0.00000000E+00  0  0.00000000E+00  0  0.00000000E+00  0  0.00000000E+00
128  1.26014238E+00  0  0.00000000E+00  0  0.00000000E+00  0  0.00000000E+00  0  0.00000000E+00
129  5.51788631E+02  0  0.00000000E+00  0  0.00000000E+00  0  0.00000000E+00  0  0.00000000E+00
130  1.88640801E+03  0  0.00000000E+00  0  0.00000000E+00  0  0.00000000E+00  0  0.00000000E+00
131  4.64966753E+02  0  0.00000000E+00  0  0.00000000E+00  0  0.00000000E+00  0  0.00000000E+00
132  4.89506098E+01  0  0.00000000E+00  0  0.00000000E+00  0  0.00000000E+00  0  0.00000000E+00
133  1.05167579E+01  0  0.00000000E+00  0  0.00000000E+00  0  0.00000000E+00  0  0.00000000E+00
134  1.54555757E+03  0  0.00000000E+00  0  0.00000000E+00  0  0.00000000E+00  0  0.00000000E+00
135  3.20045309E+01  0  0.00000000E+00  0  0.00000000E+00  0  0.00000000E+00  0  0.00000000E+00
136  2.42955746E+02  0  0.00000000E+00  0  0.00000000E+00  0  0.00000000E+00  0  0.00000000E+00
137  1.42804540E+03  0  0.00000000E+00  0  0.00000000E+00  0  0.00000000E+00  0  0.00000000E+00
138  7.59899435E+01  0  0.00000000E+00  0  0.00000000E+00  0  0.00000000E+00  0  0.00000000E+00
139  2.32232525E+02  0  0.00000000E+00  0  0.00000000E+00  0  0.00000000E+00  0  0.00000000E+00
140  1.17909907E+03  0  0.00000000E+00  0  0.00000000E+00  0  0.00000000E+00  0  0.00000000E+00
141  3.54615184E+02  0  0.00000000E+00  0  0.00000000E+00  0  0.00000000E+00  0  0.00000000E+00
142  4.73846400E+02  0  0.00000000E+00  0  0.00000000E+00  0  0.00000000E+00  0  0.00000000E+00
143  2.14774432E+02  0  0.00000000E+00  0  0.00000000E+00  0  0.00000000E+00  0  0.00000000E+00
144  1.75733205E+02  0  0.00000000E+00  0  0.00000000E+00  0  0.00000000E+00  0  0.00000000E+00
145  2.55067583E+02  0  0.00000000E+00  0  0.00000000E+00  0  0.00000000E+00  0  0.00000000E+00
146  1.24653532E-01  0  0.00000000E+00  0  0.00000000E+00  0  0.00000000E+00  0  0.00000000E+00
147  1.24852989E+03  0  0.00000000E+00  0  0.00000000E+00  0  0.00000000E+00  0  0.00000000E+00
148  9.40565867E+02  0  0.00000000E+00  0  0.00000000E+00  0  0.00000000E+00  0  0.00000000E+00
149  3.96311793E+02  0  0.00000000E+00  0  0.00000000E+00  0  0.00000000E+00  0  0.00000000E+00
150  1.52920972E+02  0  0.00000000E+00  0  0.00000000E+00  0  0.00000000E+00  0  0.00000000E+00
151  5.03660020E+01  0  0.00000000E+00  0  0.00000000E+00  0  0.00000000E+00  0  0.00000000E+00
152  2.33312576E-01  0  0.00000000E+00  0  0.00000000E+00  0  0.00000000E+00  0  0.00000000E+00
153  2.45420892E-01  0  0.00000000E+00  0  0.00000000E+00  0  0.00000000E+00  0  0.00000000E+00
154  8.02248603E-01  0  0.00000000E+00  0  0.00000000E+00  0  0.00000000E+00  0  0.00000000E+00
155  4.66214308E+00  0  0.00000000E+00  0  0.00000000E+00  0  0.00000000E+00  0  0.00000000E+00
156  2.20234628E+01  0  0.00000000E+00  0  0.00000000E+00  0  0.00000000E+00  0  0.00000000E+00
157  8.10763989E+01  0  0.00000000E+00  0  0.00000000E+00  0  0.00000000E+00  0  0.00000000E+00
158  2.22647719E+02  0  0.00000000E+00  0  0.00000000E+00  0  0.00000000E+00  0  0.00000000E+00
159  4.48711956E+02  0  0.00000000E+00  0  0.00000000E+00  0  0.00000000E+00  0  0.00000000E+00
160  2.15995858E+02  0  0.00000000E+00  0  0.00000000E+00  0  0.00000000E+00  0  0.00000000E+00
161  1.01258049E+00  0  0.00000000E+00  0  0.00000000E+00  0  0.00000000E+00  0  0.00000000E+00
162  5.90592417E+02  0  0.00000000E+00  0  0.00000000E+00  0  0.00000000E+00  0  0.00000000E+00
163  1.92153056E+03  0  0.00000000E+00  0  0.00000000E+00  0  0.00000000E+00  0  0.00000000E+00
164  3.85686342E+02  0  0.00000000E+00  0  0.00000000E+00  0  0.00000000E+00  0  0.00000000E+00
165  3.55237853E+01  0  0.00000000E+00  0  0.00000000E+00  0  0.00000000E+00  0  0.00000000E+00
166  7.79783816E+00  0  0.00000000E+00  0  0.00000000E+00  0  0.00000000E+00  0  0.00000000E+00
167  9.24742143E+02  0  0.00000000E+00  0  0.00000000E+00  0  0.00000000E+00  0  0.00000000E+00
168  2.87172656E+01  0  0.00000000E+00  0  0.00000000E+00  0  0.00000000E+00  0  0.00000000E+00
169  2.09229538E+02  0  0.00000000E+00  0  0.00000000E+00  0  0.00000000E+00  0  0.00000000E+00
170  1.36766845E+03  0  0.00000000E+00  0  0.00000000E+00  0  0.00000000E+00  0  0.00000000E+00
171  7.02744164E+01  0  0.00000000E+00  0  0.00000000E+00  0  0.00000000E+00  0  0.00000000E+00
172  2.19615431E+02  0  0.00000000E+00  0  0.00000000E+00  0  0.00000000E+00  0  0.00000000E+00
173  1.12845720E+03  0  0.00000000E+00  0  0.00000000E+00  0  0.00000000E+00  0  0.00000000E+00
174  3.38581533E+02  0  0.00000000E+00  0  0.00000000E+00  0  0.00000000E+00  0  0.00000000E+00
175  4.09578488E+02  0  0.00000000E+00  0  0.00000000E+00  0  0.00000000E+00  0  0.00000000E+00
176  1.04767951E+02  0  0.00000000E+00  0  0.00000000E+00  0  0.00000000E+00  0  0.00000000E+00
177  1.81454330E+02  0  0.00000000E+00  0  0.00000000E+00  0  0.00000000E+00  0  0.00000000E+00
178  6.82464536E-02  0  0.00000000E+00  0  0.00000000E+00  0  0.00000000E+00  0  0.00000000E+00
179  4.08161465E+02  0  0.00000000E+00  0  0.00000000E+00  0  0.00000000E+00  0  0.00000000E+00
180  8.78892488E+02  0  0.00000000E+00  0  0.00000000E+00  0  0.00000000E+00  0  0.00000000E+00
181  5.86177161E+02  0  0.00000000E+00  0  0.00000000E+00  0  0.00000000E+00  0  0.00000000E+00
182  2.78785774E+02  0  0.00000000E+00  0  0.00000000E+00  0  0.00000000E+00  0  0.00000000E+00
183  9.44712117E+01  0  0.00000000E+00  0  0.00000000E+00  0  0.00000000E+00  0  0.00000000E+00
184  1.38889933E-01  0  0.00000000E+00  0  0.00000000E+00  0  0.00000000E+00  0  0.00000000E+00
185  1.64750733E-01  0  0.00000000E+00  0  0.00000000E+00  0  0.00000000E+00  0  0.00000000E+00
186  3.19299073E-01  0  0.00000000E+00  0  0.00000000E+00  0  0.00000000E+00  0  0.00000000E+00
187  1.67404406E+00  0  0.00000000E+00  0  0.00000000E+00  0  0.00000000E+00  0  0.00000000E+00
188  8.09497196E+00  0  0.00000000E+00  0  0.00000000E+00  0  0.00000000E+00  0  0.00000000E+00
189  2.99817019E+01  0  0.00000000E+00  0  0.00000000E+00  0  0.00000000E+00  0  0.00000000E+00
190  8.70851572E+01  0  0.00000000E+00  0  0.00000000E+00  0  0.00000000E+00  0  0.00000000E+00
191  1.92876355E+02  0  0.00000000E+00  0  0.00000000E+00  0  0.00000000E+00  0  0.00000000E+00
192  1.43403201E+02  0  0.00000000E+00  0  0.00000000E+00  0  0.00000000E+00  0  0.00000000E+00
193  6.68343757E-01  0  0.00000000E+00  0  0.00000000E+00  0  0.00000000E+00  0  0.00000000E+00
194  5.69253295E+02  0  0.00000000E+00  0  0.00000000E+00  0  0.00000000E+00  0  0.00000000E+00
195  1.77642526E+03  0  0.00000000E+00  0  0.00000000E+00  0  0.00000000E+00  0  0.00000000E+00
196  2.66160243E+02  0  0.00000000E+00  0  0.00000000E+00  0  0.00000000E+00  0  0.00000000E+00
197  1.72919155E+01  0  0.00000000E+00  0  0.00000000E+00  0  0.00000000E+00  0  0.00000000E+00
198  5.12135277E+00  0  0.00000000E+00  0  0.00000000E+00  0  0.00000000E+00  0  0.00000000E+00
199  4.47623776E+02  0  0.00000000E+00  0  0.00000000E+00  0  0.00000000E+00  0  0.00000000E+00
200  1.83381004E+01  0  0.00000000E+00  0  0.00000000E+00  0  0.00000000E+00  0  0.00000000E+00
201  1.51709577E+02  0  0.00000000E+00  0  0.00000000E+00  0  0.00000000E+00  0  0.00000000E+00
202  1.16862521E+03  0  0.00000000E+00  0  0.00000000E+00  0  0.00000000E+00  0  0.00000000E+00
203  5.90321905E+01  0  0.00000000E+00  0  0.00000000E+00  0  0.00000000E+00  0  0.00000000E+00
204  1.83584856E+02  0  0.00000000E+00  0  0.00000000E+00  0  0.00000000E+00  0  0.00000000E+00
205  9.87080030E+02  0  0.00000000E+00  0  0.00000000E+00  0  0.00000000E+00  0  0.00000000E+00
206  2.90253602E+02  0  0.00000000E+00  0  0.00000000E+00  0  0.00000000E+00  0  0.00000000E+00
207  2.60036560E+02  0  0.00000000E+00  0  0.00000000E+00  0  0.00000000E+00  0  0.00000000E+00
208  6.86575020E+01  0  0.00000000E+00  0  0.00000000E+00  0  0.00000000E+00  0  0.00000000E+00
209  3.58913680E-02  0  0.00000000E+00  0  0.00000000E+00  0  0.00000000E+00  0  0.00000000E+00
210  1.33879312E+02  0  0.00000000E+00  0  0.00000000E+00  0  0.00000000E+00  0  0.00000000E+00
211  3.10806212E+02  0  0.00000000E+00  0  0.00000000E+00  0  0.00000000E+00  0  0.00000000E+00
212  4.93639003E+02  0  0.00000000E+00  0  0.00000000E+00  0  0.00000000E+00  0  0.00000000E+00
213  2.71356931E+02  0  0.00000000E+00  0  0.00000000E+00  0  0.00000000E+00  0  0.00000000E+00
214  1.04937067E+02  0  0.00000000E+00  0  0.00000000E+00  0  0.00000000E+00  0  0.00000000E+00
215  7.47634517E-02  0  0.00000000E+00  0  0.00000000E+00  0  0.00000000E+00  0  0.00000000E+00
216  9.57575072E-02  0  0.00000000E+00  0  0.00000000E+00  0  0.00000000E+00  0  0.00000000E+00
217  1.37546438E-01  0  0.00000000E+00  0  0.00000000E+00  0  0.00000000E+00  0  0.00000000E+00
218  5.88462661E-01  0  0.00000000E+00  0  0.00000000E+00  0  0.00000000E+00  0  0.00000000E+00
219  2.83975384E+00  0  0.00000000E+00  0  0.00000000E+00  0  0.00000000E+00  0  0.00000000E+00
220  1.05469648E+01  0  0.00000000E+00  0  0.00000000E+00  0  0.00000000E+00  0  0.00000000E+00
221  3.35912046E+01  0  0.00000000E+00  0  0.00000000E+00  0  0.00000000E+00  0  0.00000000E+00
222  8.39852718E+01  0  0.00000000E+00  0  0.00000000E+00  0  0.00000000E+00  0  0.00000000E+00
223  9.90340115E+01  0  0.00000000E+00  0  0.00000000E+00  0  0.00000000E+00  0  0.00000000E+00
224  3.76483898E-01  0  0.00000000E+00  0  0.00000000E+00  0  0.00000000E+00  0  0.00000000E+00
225  5.46097749E+02  0  0.00000000E+00  0  0.00000000E+00  0  0.00000000E+00  0  0.00000000E+00
226  1.48000976E+03  0  0.00000000E+00  0  0.00000000E+00  0  0.00000000E+00  0  0.00000000E+00
227  1.25859089E+02  0  0.00000000E+00  0  0.00000000E+00  0  0.00000000E+00  0  0.00000000E+00
228  8.54981851E+00  0  0.00000000E+00  0  0.00000000E+00  0  0.00000000E+00  0  0.00000000E+00
229  3.06312384E+00  0  0.00000000E+00  0  0.00000000E+00  0  0.00000000E+00  0  0.00000000E+00
230  1.69392831E+02  0  0.00000000E+00  0  0.00000000E+00  0  0.00000000E+00  0  0.00000000E+00
231  1.21007411E+01  0  0.00000000E+00  0  0.00000000E+00  0  0.00000000E+00  0  0.00000000E+00
232  8.01883371E+01  0  0.00000000E+00  0  0.00000000E+00  0  0.00000000E+00  0  0.00000000E+00
233  9.56656380E+02  0  0.00000000E+00  0  0.00000000E+00  0  0.00000000E+00  0  0.00000000E+00
234  4.94161557E+01  0  0.00000000E+00  0  0.00000000E+00  0  0.00000000E+00  0  0.00000000E+00
235  1.49425990E+02  0  0.00000000E+00  0  0.00000000E+00  0  0.00000000E+00  0  0.00000000E+00
236  8.54024139E+02  0  0.00000000E+00  0  0.00000000E+00  0  0.00000000E+00  0  0.00000000E+00
237  2.10843654E+02  0  0.00000000E+00  0  0.00000000E+00  0  0.00000000E+00  0  0.00000000E+00
238  1.10729965E+02  0  0.00000000E+00  0  0.00000000E+00  0  0.00000000E+00  0  0.00000000E+00
239  1.67224517E-02  0  0.00000000E+00  0  0.00000000E+00  0  0.00000000E+00  0  0.00000000E+00
240  5.49179491E+01  0  0.00000000E+00  0  0.00000000E+00  0  0.00000000E+00  0  0.00000000E+00
241  1.00566858E+02  0  0.00000000E+00  0  0.00000000E+00  0  0.00000000E+00  0  0.00000000E+00
242  1.95673335E+02  0  0.00000000E+00  0  0.00000000E+00  0  0.00000000E+00  0  0.00000000E+00
243  2.27102274E+02  0  0.00000000E+00  0  0.00000000E+00  0  0.00000000E+00  0  0.00000000E+00
244  7.18088300E+01  0  0.00000000E+00  0  0.00000000E+00  0  0.00000000E+00  0  0.00000000E+00
245  3.43113054E-02  0  0.00000000E+00  0  0.00000000E+00  0  0.00000000E+00  0  0.00000000E+00
246  4.71667259E-02  0  0.00000000E+00  0  0.00000000E+00  0  0.00000000E+00  0  0.00000000E+00
247  6.11856907E-02  0  0.00000000E+00  0  0.00000000E+00  0  0.00000000E+00  0  0.00000000E+00
248  2.13190215E-01  0  0.00000000E+00  0  0.00000000E+00  0  0.00000000E+00  0  0.00000000E+00
249  1.01781672E+00  0  0.00000000E+00  0  0.00000000E+00  0  0.00000000E+00  0  0.00000000E+00
250  3.89206001E+00  0  0.00000000E+00  0  0.00000000E+00  0  0.00000000E+00  0  0.00000000E+00
251  1.30068359E+01  0  0.00000000E+00  0  0.00000000E+00  0  0.00000000E+00  0  0.00000000E+00
252  3.17297777E+01  0  0.00000000E+00  0  0.00000000E+00  0  0.00000000E+00  0  0.00000000E+00
253  3.73434590E+01  0  0.00000000E+00  0  0.00000000E+00  0  0.00000000E+00  0  0.00000000E+00
254  1.17845992E-01  0  0.00000000E+00  0  0.00000000E+00  0  0.00000000E+00  0  0.00000000E+00
255  5.03154822E+01  0  0.00000000E+00  0  0.00000000E+00  0  0.00000000E+00  0  0.00000000E+00
256  3.54448492E+00  0  0.00000000E+00  0  0.00000000E+00  0  0.00000000E+00  0  0.00000000E+00
257  1.04509017E+00  0  0.00000000E+00  0  0.00000000E+00  0  0.00000000E+00  0  0.00000000E+00
258  2.36726439E+01  0  0.00000000E+00  0  0.00000000E+00  0  0.00000000E+00  0  0.00000000E+00
259  1.10946699E+01  0  0.00000000E+00  0  0.00000000E+00  0  0.00000000E+00  0  0.00000000E+00
260  3.55706382E+01  0  0.00000000E+00  0  0.00000000E+00  0  0.00000000E+00  0  0.00000000E+00
261  6.20789938E+02  0  0.00000000E+00  0  0.00000000E+00  0  0.00000000E+00  0  0.00000000E+00
262  2.95783584E+01  0  0.00000000E+00  0  0.00000000E+00  0  0.00000000E+00  0  0.00000000E+00
263  9.71097278E+01  0  0.00000000E+00  0  0.00000000E+00  0  0.00000000E+00  0  0.00000000E+00
264  6.06622463E+02  0  0.00000000E+00  0  0.00000000E+00  0  0.00000000E+00  0  0.00000000E+00
265  9.20434663E+01  0  0.00000000E+00  0  0.00000000E+00  0  0.00000000E+00  0  0.00000000E+00
266  4.72525086E-03  0  0.00000000E+00  0  0.00000000E+00  0  0.00000000E+00  0  0.00000000E+00
267  1.46034131E+01  0  0.00000000E+00  0  0.00000000E+00  0  0.00000000E+00  0  0.00000000E+00
268  2.28541106E+01  0  0.00000000E+00  0  0.00000000E+00  0  0.00000000E+00  0  0.00000000E+00
269  4.56715431E+01  0  0.00000000E+00  0  0.00000000E+00  0  0.00000000E+00  0  0.00000000E+00
270  6.04325705E+01  0  0.00000000E+00  0  0.00000000E+00  0  0.00000000E+00  0  0.00000000E+00
271  4.95841638E+01  0  0.00000000E+00  0  0.00000000E+00  0  0.00000000E+00  0  0.00000000E+00
272  9.96063664E-03  0  0.00000000E+00  0  0.00000000E+00  0  0.00000000E+00  0  0.00000000E+00
273  1.42908644E-02  0  0.00000000E+00  0  0.00000000E+00  0  0.00000000E+00  0  0.00000000E+00
274  1.75501641E-02  0  0.00000000E+00  0  0.00000000E+00  0  0.00000000E+00  0  0.00000000E+00
275  5.12592957E-02  0  0.00000000E+00  0  0.00000000E+00  0  0.00000000E+00  0  0.00000000E+00
276  2.38039164E-01  0  0.00000000E+00  0  0.00000000E+00  0  0.00000000E+00  0  0.00000000E+00
277  9.39257461E-01  0  0.00000000E+00  0  0.00000000E+00  0  0.00000000E+00  0  0.00000000E+00
278  3.13959481E+00  0  0.00000000E+00  0  0.00000000E+00  0  0.00000000E+00  0  0.00000000E+00
279  7.50961374E+00  0  0.00000000E+00  0  0.00000000E+00  0  0.00000000E+00  0  0.00000000E+00
280  7.61852446E+00  0  0.00000000E+00  0  0.00000000E+00  0  0.00000000E+00  0  0.00000000E+00
281  5.92851837E+00  0  0.00000000E+00  0  0.00000000E+00  0  0.00000000E+00  0  0.00000000E+00
282  1.31122672E+03  0  0.00000000E+00  0  0.00000000E+00  0  0.00000000E+00  0  0.00000000E+00
283  7.45842529E+03  0  0.00000000E+00  0  0.00000000E+00  0  0.00000000E+00  0  0.00000000E+00
284  1.60924863E+03  0  0.00000000E+00  0  0.00000000E+00  0  0.00000000E+00  0  0.00000000E+00
285  2.24739953E+02  0  0.00000000E+00  0  0.00000000E+00  0  0.00000000E+00  0  0.00000000E+00
286  5.56369340E+01  0  0.00000000E+00  0  0.00000000E+00  0  0.00000000E+00  0  0.00000000E+00
287  1.36218505E+05  0  0.00000000E+00  0  0.00000000E+00  0  0.00000000E+00  0  0.00000000E+00
288  3.98005320E+02  0  0.00000000E+00  0  0.00000000E+00  0  0.00000000E+00  0  0.00000000E+00
289  1.21362299E+03  0  0.00000000E+00  0  0.00000000E+00  0  0.00000000E+00  0  0.00000000E+00
290  6.49490029E+03  0  0.00000000E+00  0  0.00000000E+00  0  0.00000000E+00  0  0.00000000E+00
291  4.26758434E+02  0  0.00000000E+00  0  0.00000000E+00  0  0.00000000E+00  0  0.00000000E+00
292  1.12932432E+03  0  0.00000000E+00  0  0.00000000E+00  0  0.00000000E+00  0  0.00000000E+00
293  6.47708994E+03  0  0.00000000E+00  0  0.00000000E+00  0  0.00000000E+00  0  0.00000000E+00
294  1.09399700E+03  0  0.00000000E+00  0  0.00000000E+00  0  0.00000000E+00  0  0.00000000E+00
295  9.09722382E+02  0  0.00000000E+00  0  0.00000000E+00  0  0.00000000E+00  0  0.00000000E+00
296  6.58922747E+02  0  0.00000000E+00  0  0.00000000E+00  0  0.00000000E+00  0  0.00000000E+00
297  4.09010584E+02  0  0.00000000E+00  0  0.00000000E+00  0  0.00000000E+00  0  0.00000000E+00
298  2.20885849E+02  0  0.00000000E+00  0  0.00000000E+00  0  0.00000000E+00  0  0.00000000E+00
299  1.75859653E+02  0  0.00000000E+00  0  0.00000000E+00  0  0.00000000E+00  0  0.00000000E+00
300  1.32766980E+03  0  0.00000000E+00  0  0.00000000E+00  0  0.00000000E+00  0  0.00000000E+00
301  1.86017449E+03  0  0.00000000E+00  0  0.00000000E+00  0  0.00000000E+00  0  0.00000000E+00
302  2.37178933E+03  0  0.00000000E+00  0  0.00000000E+00  0  0.00000000E+00  0  0.00000000E+00
303  1.45772510E+03  0  0.00000000E+00  0  0.00000000E+00  0  0.00000000E+00  0  0.00000000E+00
304  1.08706163E+03  0  0.00000000E+00  0  0.00000000E+00  0  0.00000000E+00  0  0.00000000E+00
305  1.10016590E+03  0  0.00000000E+00  0  0.00000000E+00  0  0.00000000E+00  0  0.00000000E+00
306  1.15665359E+03  0  0.00000000E+00  0  0.00000000E+00  0  0.00000000E+00  0  0.00000000E+00
307  2.95748873E+02  0  0.00000000E+00  0  0.00000000E+00  0  0.00000000E+00  0  0.00000000E+00
308  2.44729524E+00  0  0.00000000E+00  0  0.00000000E+00  0  0.00000000E+00  0  0.00000000E+00
309  1.58268176E+00  0  0.00000000E+00  0  0.00000000E+00  0  0.00000000E+00  0  0.00000000E+00
310  9.76285863E-01  0  0.00000000E+00  0  0.00000000E+00  0  0.00000000E+00  0  0.00000000E+00
311  5.11019532E-01  0  0.00000000E+00  0  0.00000000E+00  0  0.00000000E+00  0  0.00000000E+00
312  2.21854220E-01  0  0.00000000E+00  0  0.00000000E+00  0  0.00000000E+00  0  0.00000000E+00
313  8.14038510E+03  0  0.00000000E+00  0  0.00000000E+00  0  0.00000000E+00  0  0.00000000E+00
314  1.09340242E+04  0  0.00000000E+00  0  0.00000000E+00  0  0.00000000E+00  0  0.00000000E+00
315  1.70441949E+03  0  0.00000000E+00  0  0.00000000E+00  0  0.00000000E+00  0  0.00000000E+00
316  3.68898567E+02  0  0.00000000E+00  0  0.00000000E+00  0  0.00000000E+00  0  0.00000000E+00
317  1.00400318E+02  0  0.00000000E+00  0  0.00000000E+00  0  0.00000000E+00  0  0.00000000E+00
318  3.30800527E+01  0  0.00000000E+00  0  0.00000000E+00  0  0.00000000E+00  0  0.00000000E+00
319  1.11203401E+01  0  0.00000000E+00  0  0.00000000E+00  0  0.00000000E+00  0  0.00000000E+00
320  4.69639089E+00  0  0.00000000E+00  0  0.00000000E+00  0  0.00000000E+00  0  0.00000000E+00
321  2.73392568E+01  0  0.00000000E+00  0  0.00000000E+00  0  0.00000000E+00  0  0.00000000E+00
322  5.53222244E+00  0  0.00000000E+00  0  0.00000000E+00  0  0.00000000E+00  0  0.00000000E+00
323  9.51609717E+02  0  0.00000000E+00  0  0.00000000E+00  0  0.00000000E+00  0  0.00000000E+00
324  4.79334834E+03  0  0.00000000E+00  0  0.00000000E+00  0  0.00000000E+00  0  0.00000000E+00
325  1.30655614E+03  0  0.00000000E+00  0  0.00000000E+00  0  0.00000000E+00  0  0.00000000E+00
326  1.58104825E+02  0  0.00000000E+00  0  0.00000000E+00  0  0.00000000E+00  0  0.00000000E+00
327  4.40043285E+01  0  0.00000000E+00  0  0.00000000E+00  0  0.00000000E+00  0  0.00000000E+00
328  6.63702696E+04  0  0.00000000E+00  0  0.00000000E+00  0  0.00000000E+00  0  0.00000000E+00
329  2.38339607E+02  0  0.00000000E+00  0  0.00000000E+00  0  0.00000000E+00  0  0.00000000E+00
330  7.80670063E+02  0  0.00000000E+00  0  0.00000000E+00  0  0.00000000E+00  0  0.00000000E+00
331  4.19410246E+03  0  0.00000000E+00  0  0.00000000E+00  0  0.00000000E+00  0  0.00000000E+00
332  2.66068046E+02  0  0.00000000E+00  0  0.00000000E+00  0  0.00000000E+00  0  0.00000000E+00
333  7.21367622E+02  0  0.00000000E+00  0  0.00000000E+00  0  0.00000000E+00  0  0.00000000E+00
334  3.83527358E+03  0  0.00000000E+00  0  0.00000000E+00  0  0.00000000E+00  0  0.00000000E+00
335  8.31303533E+02  0  0.00000000E+00  0  0.00000000E+00  0  0.00000000E+00  0  0.00000000E+00
336  6.40181101E+02  0  0.00000000E+00  0  0.00000000E+00  0  0.00000000E+00  0  0.00000000E+00
337  4.99660139E+02  0  0.00000000E+00  0  0.00000000E+00  0  0.00000000E+00  0  0.00000000E+00
338  3.56636350E+02  0  0.00000000E+00  0  0.00000000E+00  0  0.00000000E+00  0  0.00000000E+00
339  2.59917313E+02  0  0.00000000E+00  0  0.00000000E+00  0  0.00000000E+00  0  0.00000000E+00
340  2.63418044E+02  0  0.00000000E+00  0  0.00000000E+00  0  0.00000000E+00  0  0.00000000E+00
341  9.34927783E+02  0  0.00000000E+00  0  0.00000000E+00  0  0.00000000E+00  0  0.00000000E+00
342  1.10309275E+03  0  0.00000000E+00  0  0.00000000E+00  0  0.00000000E+00  0  0.00000000E+00
343  1.08581763E+03  0  0.00000000E+00  0  0.00000000E+00  0  0.00000000E+00  0  0.00000000E+00
344  1.45822453E+03  0  0.00000000E+00  0  0.00000000E+00  0  0.00000000E+00  0  0.00000000E+00
345  1.21161733E+03  0  0.00000000E+00  0  0.00000000E+00  0  0.00000000E+00  0  0.00000000E+00
346  1.05457385E+03  0  0.00000000E+00  0  0.00000000E+00  0  0.00000000E+00  0  0.00000000E+00
347  2.28137099E+01  0  0.00000000E+00  0  0.00000000E+00  0  0.00000000E+00  0  0.00000000E+00
348  6.96005742E+00  0  0.00000000E+00  0  0.00000000E+00  0  0.00000000E+00  0  0.00000000E+00
349  3.31039875E+00  0  0.00000000E+00  0  0.00000000E+00  0  0.00000000E+00  0  0.00000000E+00
350  1.64641251E+00  0  0.00000000E+00  0  0.00000000E+00  0  0.00000000E+00  0  0.00000000E+00
351  8.33443212E-01  0  0.00000000E+00  0  0.00000000E+00  0  0.00000000E+00  0  0.00000000E+00
352  3.46375973E-01  0  0.00000000E+00  0  0.00000000E+00  0  0.00000000E+00  0  0.00000000E+00
353  5.57955470E+02  0  0.00000000E+00  0  0.00000000E+00  0  0.00000000E+00  0  0.00000000E+00
354  6.93466388E+03  0  0.00000000E+00  0  0.00000000E+00  0  0.00000000E+00  0  0.00000000E+00
355  7.98460564E+03  0  0.00000000E+00  0  0.00000000E+00  0  0.00000000E+00  0  0.00000000E+00
356  1.65617473E+03  0  0.00000000E+00  0  0.00000000E+00  0  0.00000000E+00  0  0.00000000E+00
357  4.65306255E+02  0  0.00000000E+00  0  0.00000000E+00  0  0.00000000E+00  0  0.00000000E+00
358  1.37323473E+02  0  0.00000000E+00  0  0.00000000E+00  0  0.00000000E+00  0  0.00000000E+00
359  4.38700864E+01  0  0.00000000E+00  0  0.00000000E+00  0  0.00000000E+00  0  0.00000000E+00
360  1.67596996E+01  0  0.00000000E+00  0  0.00000000E+00  0  0.00000000E+00  0  0.00000000E+00
361  8.44661268E+01  0  0.00000000E+00  0  0.00000000E+00  0  0.00000000E+00  0  0.00000000E+00
362  4.40082111E+00  0  0.00000000E+00  0  0.00000000E+00  0  0.00000000E+00  0  0.00000000E+00
363  7.28839407E+02  0  0.00000000E+00  0  0.00000000E+00  0  0.00000000E+00  0  0.00000000E+00
364  3.68031658E+03  0  0.00000000E+00  0  0.00000000E+00  0  0.00000000E+00  0  0.00000000E+00
365  9.16200066E+02  0  0.00000000E+00  0  0.00000000E+00  0  0.00000000E+00  0  0.00000000E+00
366  1.19029050E+02  0  0.00000000E+00  0  0.00000000E+00  0  0.00000000E+00  0  0.00000000E+00
367  2.62106804E+01  0  0.00000000E+00  0  0.00000000E+00  0  0.00000000E+00  0  0.00000000E+00
368  3.72147527E+04  0  0.00000000E+00  0  0.00000000E+00  0  0.00000000E+00  0  0.00000000E+00
369  1.83807683E+02  0  0.00000000E+00  0  0.00000000E+00  0  0.00000000E+00  0  0.00000000E+00
370  6.19854064E+02  0  0.00000000E+00  0  0.00000000E+00  0  0.00000000E+00  0  0.00000000E+00
371  3.16490322E+03  0  0.00000000E+00  0  0.00000000E+00  0  0.00000000E+00  0  0.00000000E+00
372  2.00292986E+02  0  0.00000000E+00  0  0.00000000E+00  0  0.00000000E+00  0  0.00000000E+00
373  5.73957599E+02  0  0.00000000E+00  0  0.00000000E+00  0  0.00000000E+00  0  0.00000000E+00
374  2.96877299E+03  0  0.00000000E+00  0  0.00000000E+00  0  0.00000000E+00  0  0.00000000E+00
375  9.56992601E+02  0  0.00000000E+00  0  0.00000000E+00  0  0.00000000E+00  0  0.00000000E+00
376  7.07274949E+02  0  0.00000000E+00  0  0.00000000E+00  0  0.00000000E+00  0  0.00000000E+00
377  5.08443496E+02  0  0.00000000E+00  0  0.00000000E+00  0  0.00000000E+00  0  0.00000000E+00
378  3.06181985E+02  0  0.00000000E+00  0  0.00000000E+00  0  0.00000000E+00  0  0.00000000E+00
379  2.43690845E+02  0  0.00000000E+00  0  0.00000000E+00  0  0.00000000E+00  0  0.00000000E+00
380  3.15199416E+02  0  0.00000000E+00  0  0.00000000E+00  0  0.00000000E+00  0  0.00000000E+00
381  7.94567405E+02  0  0.00000000E+00  0  0.00000000E+00  0  0.00000000E+00  0  0.00000000E+00
382  7.32131737E+02  0  0.00000000E+00  0  0.00000000E+00  0  0.00000000E+00  0  0.00000000E+00
383  6.89689014E+02  0  0.00000000E+00  0  0.00000000E+00  0  0.00000000E+00  0  0.00000000E+00
384  1.04302625E+03  0  0.00000000E+00  0  0.00000000E+00  0  0.00000000E+00  0  0.00000000E+00
385  1.41960790E+03  0  0.00000000E+00  0  0.00000000E+00  0  0.00000000E+00  0  0.00000000E+00
386  1.03432471E+01  0  0.00000000E+00  0  0.00000000E+00  0  0.00000000E+00  0  0.00000000E+00
387  2.36237664E+01  0  0.00000000E+00  0  0.00000000E+00  0  0.00000000E+00  0  0.00000000E+00
388  1.07708490E+01  0  0.00000000E+00  0  0.00000000E+00  0  0.00000000E+00  0  0.00000000E+00
389  5.15808236E+00  0  0.00000000E+00  0  0.00000000E+00  0  0.00000000E+00  0  0.00000000E+00
390  2.49639899E+00  0  0.00000000E+00  0  0.00000000E+00  0  0.00000000E+00  0  0.00000000E+00
391  9.23028499E-01  0  0.00000000E+00  0  0.00000000E+00  0  0.00000000E+00  0  0.00000000E+00
392  6.53176725E+01  0  0.00000000E+00  0  0.00000000E+00  0  0.00000000E+00  0  0.00000000E+00
393  8.10505477E+02  0  0.00000000E+00  0  0.00000000E+00  0  0.00000000E+00  0  0.00000000E+00
394  6.06931058E+03  0  0.00000000E+00  0  0.00000000E+00  0  0.00000000E+00  0  0.00000000E+00
395  6.35129776E+03  0  0.00000000E+00  0  0.00000000E+00  0  0.00000000E+00  0  0.00000000E+00
396  1.61417258E+03  0  0.00000000E+00  0  0.00000000E+00  0  0.00000000E+00  0  0.00000000E+00
397  5.17693376E+02  0  0.00000000E+00  0  0.00000000E+00  0  0.00000000E+00  0  0.00000000E+00
398  1.47254965E+02  0  0.00000000E+00  0  0.00000000E+00  0  0.00000000E+00  0  0.00000000E+00
399  5.91733261E+01  0  0.00000000E+00  0  0.00000000E+00  0  0.00000000E+00  0  0.00000000E+00
400  1.94334479E+02  0  0.00000000E+00  0  0.00000000E+00  0  0.00000000E+00  0  0.00000000E+00
401  3.17908084E+00  0  0.00000000E+00  0  0.00000000E+00  0  0.00000000E+00  0  0.00000000E+00
402  5.84961889E+02  0  0.00000000E+00  0  0.00000000E+00  0  0.00000000E+00  0  0.00000000E+00
403  2.94805652E+03  0  0.00000000E+00  0  0.00000000E+00  0  0.00000000E+00  0  0.00000000E+00
404  6.88092334E+02  0  0.00000000E+00  0  0.00000000E+00  0  0.00000000E+00  0  0.00000000E+00
405  9.67045556E+01  0  0.00000000E+00  0  0.00000000E+00  0  0.00000000E+00  0  0.00000000E+00
406  1.99551512E+01  0  0.00000000E+00  0  0.00000000E+00  0  0.00000000E+00  0  0.00000000E+00
407  2.10507435E+04  0  0.00000000E+00  0  0.00000000E+00  0  0.00000000E+00  0  0.00000000E+00
408  1.39103407E+02  0  0.00000000E+00  0  0.00000000E+00  0  0.00000000E+00  0  0.00000000E+00
409  5.03107512E+02  0  0.00000000E+00  0  0.00000000E+00  0  0.00000000E+00  0  0.00000000E+00
410  2.58587058E+03  0  0.00000000E+00  0  0.00000000E+00  0  0.00000000E+00  0  0.00000000E+00
411  1.58002098E+02  0  0.00000000E+00  0  0.00000000E+00  0  0.00000000E+00  0  0.00000000E+00
412  4.73552220E+02  0  0.00000000E+00  0  0.00000000E+00  0  0.00000000E+00  0  0.00000000E+00
413  2.42411771E+03  0  0.00000000E+00  0  0.00000000E+00  0  0.00000000E+00  0  0.00000000E+00
414  8.84012831E+02  0  0.00000000E+00  0  0.00000000E+00  0  0.00000000E+00  0  0.00000000E+00
415  1.12722070E+03  0  0.00000000E+00  0  0.00000000E+00  0  0.00000000E+00  0  0.00000000E+00
416  6.79720181E+02  0  0.00000000E+00  0  0.00000000E+00  0  0.00000000E+00  0  0.00000000E+00
417  3.75902040E+02  0  0.00000000E+00  0  0.00000000E+00  0  0.00000000E+00  0  0.00000000E+00
418  3.64424658E+02  0  0.00000000E+00  0  0.00000000E+00  0  0.00000000E+00  0  0.00000000E+00
419  3.99692915E+02  0  0.00000000E+00  0  0.00000000E+00  0  0.00000000E+00  0  0.00000000E+00
420  6.73824433E+02  0  0.00000000E+00  0  0.00000000E+00  0  0.00000000E+00  0  0.00000000E+00
421  5.12961791E+02  0  0.00000000E+00  0  0.00000000E+00  0  0.00000000E+00  0  0.00000000E+00
422  6.49304139E+02  0  0.00000000E+00  0  0.00000000E+00  0  0.00000000E+00  0  0.00000000E+00
423  8.50093728E+02  0  0.00000000E+00  0  0.00000000E+00  0  0.00000000E+00  0  0.00000000E+00
424  4.39571341E+00  0  0.00000000E+00  0  0.00000000E+00  0  0.00000000E+00  0  0.00000000E+00
425  6.43941304E+01  0  0.00000000E+00  0  0.00000000E+00  0  0.00000000E+00  0  0.00000000E+00
426  3.07394811E+01  0  0.00000000E+00  0  0.00000000E+00  0  0.00000000E+00  0  0.00000000E+00
427  1.48946986E+01  0  0.00000000E+00  0  0.00000000E+00  0  0.00000000E+00  0  0.00000000E+00
428  6.90200374E+00  0  0.00000000E+00  0  0.00000000E+00  0  0.00000000E+00  0  0.00000000E+00
429  2.45203650E+00  0  0.00000000E+00  0  0.00000000E+00  0  0.00000000E+00  0  0.00000000E+00
430  9.72477806E+00  0  0.00000000E+00  0  0.00000000E+00  0  0.00000000E+00  0  0.00000000E+00
431  1.21432685E+02  0  0.00000000E+00  0  0.00000000E+00  0  0.00000000E+00  0  0.00000000E+00
432  9.59472729E+02  0  0.00000000E+00  0  0.00000000E+00  0  0.00000000E+00  0  0.00000000E+00
433  5.04767551E+03  0  0.00000000E+00  0  0.00000000E+00  0  0.00000000E+00  0  0.00000000E+00
434  4.72899320E+03  0  0.00000000E+00  0  0.00000000E+00  0  0.00000000E+00  0  0.00000000E+00
435  1.38728368E+03  0  0.00000000E+00  0  0.00000000E+00  0  0.00000000E+00  0  0.00000000E+00
436  4.21051062E+02  0  0.00000000E+00  0  0.00000000E+00  0  0.00000000E+00  0  0.00000000E+00
437  1.66201712E+02  0  0.00000000E+00  0  0.00000000E+00  0  0.00000000E+00  0  0.00000000E+00
438  3.80153626E+02  0  0.00000000E+00  0  0.00000000E+00  0  0.00000000E+00  0  0.00000000E+00
439  2.68520909E+00  0  0.00000000E+00  0  0.00000000E+00  0  0.00000000E+00  0  0.00000000E+00
440  5.36517732E+02  0  0.00000000E+00  0  0.00000000E+00  0  0.00000000E+00  0  0.00000000E+00
441  2.55421249E+03  0  0.00000000E+00  0  0.00000000E+00  0  0.00000000E+00  0  0.00000000E+00
442  6.73399929E+02  0  0.00000000E+00  0  0.00000000E+00  0  0.00000000E+00  0  0.00000000E+00
443  8.93146489E+01  0  0.00000000E+00  0  0.00000000E+00  0  0.00000000E+00  0  0.00000000E+00
444  2.02979334E+01  0  0.00000000E+00  0  0.00000000E+00  0  0.00000000E+00  0  0.00000000E+00
445  1.19117446E+04  0  0.00000000E+00  0  0.00000000E+00  0  0.00000000E+00  0  0.00000000E+00
446  1.16171524E+02  0  0.00000000E+00  0  0.00000000E+00  0  0.00000000E+00  0  0.00000000E+00
447  4.30365896E+02  0  0.00000000E+00  0  0.00000000E+00  0  0.00000000E+00  0  0.00000000E+00
448  2.23299922E+03  0  0.00000000E+00  0  0.00000000E+00  0  0.00000000E+00  0  0.00000000E+00
449  1.29188947E+02  0  0.00000000E+00  0  0.00000000E+00  0  0.00000000E+00  0  0.00000000E+00
450  3.84892834E+02  0  0.00000000E+00  0  0.00000000E+00  0  0.00000000E+00  0  0.00000000E+00
451  1.75885769E+03  0  0.00000000E+00  0  0.00000000E+00  0  0.00000000E+00  0  0.00000000E+00
452  6.47776971E+02  0  0.00000000E+00  0  0.00000000E+00  0  0.00000000E+00  0  0.00000000E+00
453  6.35573077E+02  0  0.00000000E+00  0  0.00000000E+00  0  0.00000000E+00  0  0.00000000E+00
454  6.35226348E+02  0  0.00000000E+00  0  0.00000000E+00  0  0.00000000E+00  0  0.00000000E+00
455  7.85775247E+02  0  0.00000000E+00  0  0.00000000E+00  0  0.00000000E+00  0  0.00000000E+00
456  6.17956233E+02  0  0.00000000E+00  0  0.00000000E+00  0  0.00000000E+00  0  0.00000000E+00
457  4.75456485E+02  0  0.00000000E+00  0  0.00000000E+00  0  0.00000000E+00  0  0.00000000E+00
458  5.84807843E+02  0  0.00000000E+00  0  0.00000000E+00  0  0.00000000E+00  0  0.00000000E+00
459  4.32699267E+02  0  0.00000000E+00  0  0.00000000E+00  0  0.00000000E+00  0  0.00000000E+00
460  6.59796347E+02  0  0.00000000E+00  0  0.00000000E+00  0  0.00000000E+00  0  0.00000000E+00
461  1.76889012E+00  0  0.00000000E+00  0  0.00000000E+00  0  0.00000000E+00  0  0.00000000E+00
462  1.65293928E+02  0  0.00000000E+00  0  0.00000000E+00  0  0.00000000E+00  0  0.00000000E+00
463  7.76542296E+01  0  0.00000000E+00  0  0.00000000E+00  0  0.00000000E+00  0  0.00000000E+00
464  3.35448100E+01  0  0.00000000E+00  0  0.00000000E+00  0  0.00000000E+00  0  0.00000000E+00
465  1.53550616E+01  0  0.00000000E+00  0  0.00000000E+00  0  0.00000000E+00  0  0.00000000E+00
466  5.77765125E+00  0  0.00000000E+00  0  0.00000000E+00  0  0.00000000E+00  0  0.00000000E+00
467  2.23517503E+00  0  0.00000000E+00  0  0.00000000E+00  0  0.00000000E+00  0  0.00000000E+00
468  2.17798534E+01  0  0.00000000E+00  0  0.00000000E+00  0  0.00000000E+00  0  0.00000000E+00
469  1.77080037E+02  0  0.00000000E+00  0  0.00000000E+00  0  0.00000000E+00  0  0.00000000E+00
470  9.58497551E+02  0  0.00000000E+00  0  0.00000000E+00  0  0.00000000E+00  0  0.00000000E+00
471  3.97517076E+03  0  0.00000000E+00  0  0.00000000E+00  0  0.00000000E+00  0  0.00000000E+00
472  3.55755104E+03  0  0.00000000E+00  0  0.00000000E+00  0  0.00000000E+00  0  0.00000000E+00
473  9.87342496E+02  0  0.00000000E+00  0  0.00000000E+00  0  0.00000000E+00  0  0.00000000E+00
474  3.84882140E+02  0  0.00000000E+00  0  0.00000000E+00  0  0.00000000E+00  0  0.00000000E+00
475  5.44239413E+02  0  0.00000000E+00  0  0.00000000E+00  0  0.00000000E+00  0  0.00000000E+00
476  2.32117814E+00  0  0.00000000E+00  0  0.00000000E+00  0  0.00000000E+00  0  0.00000000E+00
477  5.19475045E+02  0  0.00000000E+00  0  0.00000000E+00  0  0.00000000E+00  0  0.00000000E+00
478  2.22153077E+03  0  0.00000000E+00  0  0.00000000E+00  0  0.00000000E+00  0  0.00000000E+00
479  6.10558095E+02  0  0.00000000E+00  0  0.00000000E+00  0  0.00000000E+00  0  0.00000000E+00
480  8.05247257E+01  0  0.00000000E+00  0  0.00000000E+00  0  0.00000000E+00  0  0.00000000E+00
481  1.60062453E+01  0  0.00000000E+00  0  0.00000000E+00  0  0.00000000E+00  0  0.00000000E+00
482  6.69653493E+03  0  0.00000000E+00  0  0.00000000E+00  0  0.00000000E+00  0  0.00000000E+00
483  9.20275386E+01  0  0.00000000E+00  0  0.00000000E+00  0  0.00000000E+00  0  0.00000000E+00
484  3.68750050E+02  0  0.00000000E+00  0  0.00000000E+00  0  0.00000000E+00  0  0.00000000E+00
485  1.91645878E+03  0  0.00000000E+00  0  0.00000000E+00  0  0.00000000E+00  0  0.00000000E+00
486  1.10102820E+02  0  0.00000000E+00  0  0.00000000E+00  0  0.00000000E+00  0  0.00000000E+00
487  3.25311533E+02  0  0.00000000E+00  0  0.00000000E+00  0  0.00000000E+00  0  0.00000000E+00
488  1.65630615E+03  0  0.00000000E+00  0  0.00000000E+00  0  0.00000000E+00  0  0.00000000E+00
489  5.99381872E+02  0  0.00000000E+00  0  0.00000000E+00  0  0.00000000E+00  0  0.00000000E+00
490  4.76936167E+02  0  0.00000000E+00  0  0.00000000E+00  0  0.00000000E+00  0  0.00000000E+00
491  4.30855087E+02  0  0.00000000E+00  0  0.00000000E+00  0  0.00000000E+00  0  0.00000000E+00
492  3.41475658E+02  0  0.00000000E+00  0  0.00000000E+00  0  0.00000000E+00  0  0.00000000E+00
493  5.72492823E+02  0  0.00000000E+00  0  0.00000000E+00  0  0.00000000E+00  0  0.00000000E+00
494  8.40561837E+02  0  0.00000000E+00  0  0.00000000E+00  0  0.00000000E+00  0  0.00000000E+00
495  4.93657390E+02  0  0.00000000E+00  0  0.00000000E+00  0  0.00000000E+00  0  0.00000000E+00
496  4.26097502E+02  0  0.00000000E+00  0  0.00000000E+00  0  0.00000000E+00  0  0.00000000E+00
497  7.35684905E-01  0  0.00000000E+00  0  0.00000000E+00  0  0.00000000E+00  0  0.00000000E+00
498  3.48812277E+02  0  0.00000000E+00  0  0.00000000E+00  0  0.00000000E+00  0  0.00000000E+00
499  1.46711547E+02  0  0.00000000E+00  0  0.00000000E+00  0  0.00000000E+00  0  0.00000000E+00
500  7.22714650E+01  0  0.00000000E+00  0  0.00000000E+00  0  0.00000000E+00  0  0.00000000E+00
501  3.87282002E+01  0  0.00000000E+00  0  0.00000000E+00  0  0.00000000E+00  0  0.00000000E+00
502  1.47718181E+01  0  0.00000000E+00  0  0.00000000E+00  0  0.00000000E+00  0  0.00000000E+00
503  8.71713139E-01  0  0.00000000E+00  0  0.00000000E+00  0  0.00000000E+00  0  0.00000000E+00
504  4.54722952E+00  0  0.00000000E+00  0  0.00000000E+00  0  0.00000000E+00  0  0.00000000E+00
505  3.68928232E+01  0  0.00000000E+00  0  0.00000000E+00  0  0.00000000E+00  0  0.00000000E+00
506  2.15180664E+02  0  0.00000000E+00  0  0.00000000E+00  0  0.00000000E+00  0  0.00000000E+00
507  8.41457213E+02  0  0.00000000E+00  0  0.00000000E+00  0  0.00000000E+00  0  0.00000000E+00
508  2.96726127E+03  0  0.00000000E+00  0  0.00000000E+00  0  0.00000000E+00  0  0.00000000E+00
509  2.60103412E+03  0  0.00000000E+00  0  0.00000000E+00  0  0.00000000E+00  0  0.00000000E+00
510  7.32004401E+02  0  0.00000000E+00  0  0.00000000E+00  0  0.00000000E+00  0  0.00000000E+00
511  4.86765959E+02  0  0.00000000E+00  0  0.00000000E+00  0  0.00000000E+00  0  0.00000000E+00
512  1.82753127E+00  0  0.00000000E+00  0  0.00000000E+00  0  0.00000000E+00  0  0.00000000E+00
513  5.15132578E+02  0  0.00000000E+00  0  0.00000000E+00  0  0.00000000E+00  0  0.00000000E+00
514  2.00237182E+03  0  0.00000000E+00  0  0.00000000E+00  0  0.00000000E+00  0  0.00000000E+00
515  5.34930364E+02  0  0.00000000E+00  0  0.00000000E+00  0  0.00000000E+00  0  0.00000000E+00
516  6.54706771E+01  0  0.00000000E+00  0  0.00000000E+00  0  0.00000000E+00  0  0.00000000E+00
517  1.22846781E+01  0  0.00000000E+00  0  0.00000000E+00  0  0.00000000E+00  0  0.00000000E+00
518  4.00222107E+03  0  0.00000000E+00  0  0.00000000E+00  0  0.00000000E+00  0  0.00000000E+00
519  6.79724918E+01  0  0.00000000E+00  0  0.00000000E+00  0  0.00000000E+00  0  0.00000000E+00
520  3.17678889E+02  0  0.00000000E+00  0  0.00000000E+00  0  0.00000000E+00  0  0.00000000E+00
521  1.66917484E+03  0  0.00000000E+00  0  0.00000000E+00  0  0.00000000E+00  0  0.00000000E+00
522  9.48028798E+01  0  0.00000000E+00  0  0.00000000E+00  0  0.00000000E+00  0  0.00000000E+00
523  2.78227307E+02  0  0.00000000E+00  0  0.00000000E+00  0  0.00000000E+00  0  0.00000000E+00
524  1.46525841E+03  0  0.00000000E+00  0  0.00000000E+00  0  0.00000000E+00  0  0.00000000E+00
525  4.57038496E+02  0  0.00000000E+00  0  0.00000000E+00  0  0.00000000E+00  0  0.00000000E+00
526  4.91035341E+02  0  0.00000000E+00  0  0.00000000E+00  0  0.00000000E+00  0  0.00000000E+00
527  3.54798206E+02  0  0.00000000E+00  0  0.00000000E+00  0  0.00000000E+00  0  0.00000000E+00
528  2.50664317E+02  0  0.00000000E+00  0  0.00000000E+00  0  0.00000000E+00  0  0.00000000E+00
529  3.26386096E+02  0  0.00000000E+00  0  0.00000000E+00  0  0.00000000E+00  0  0.00000000E+00
530  4.37619418E+02  0  0.00000000E+00  0  0.00000000E+00  0  0.00000000E+00  0  0.00000000E+00
531  4.21913269E+02  0  0.00000000E+00  0  0.00000000E+00  0  0.00000000E+00  0  0.00000000E+00
532  4.78819580E-01  0  0.00000000E+00  0  0.00000000E+00  0  0.00000000E+00  0  0.00000000E+00
533  5.49586637E+02  0  0.00000000E+00  0  0.00000000E+00  0  0.00000000E+00  0  0.00000000E+00
534  2.67737389E+02  0  0.00000000E+00  0  0.00000000E+00  0  0.00000000E+00  0  0.00000000E+00
535  1.47304284E+02  0  0.00000000E+00  0  0.00000000E+00  0  0.00000000E+00  0  0.00000000E+00
536  6.68963791E+01  0  0.00000000E+00  0  0.00000000E+00  0  0.00000000E+00  0  0.00000000E+00
537  2.26953222E+01  0  0.00000000E+00  0  0.00000000E+00  0  0.00000000E+00  0  0.00000000E+00
538  5.68949534E-01  0  0.00000000E+00  0  0.00000000E+00  0  0.00000000E+00  0  0.00000000E+00
539  1.18439873E+00  0  0.00000000E+00  0  0.00000000E+00  0  0.00000000E+00  0  0.00000000E+00
540  8.88451667E+00  0  0.00000000E+00  0  0.00000000E+00  0  0.00000000E+00  0  0.00000000E+00
541  5.26651274E+01  0  0.00000000E+00  0  0.00000000E+00  0  0.00000000E+00  0  0.00000000E+00
542  2.28992023E+02  0  0.00000000E+00  0  0.00000000E+00  0  0.00000000E+00  0  0.00000000E+00
543  6.87327743E+02  0  0.00000000E+00  0  0.00000000E+00  0  0.00000000E+00  0  0.00000000E+00
544  2.22044267E+03  0  0.00000000E+00  0  0.00000000E+00  0  0.00000000E+00  0  0.00000000E+00
545  1.91861358E+03  0  0.00000000E+00  0  0.00000000E+00  0  0.00000000E+00  0  0.00000000E+00
546  3.75510198E+02  0  0.00000000E+00  0  0.00000000E+00  0  0.00000000E+00  0  0.00000000E+00
547  1.49876526E+00  0  0.00000000E+00  0  0.00000000E+00  0  0.00000000E+00  0  0.00000000E+00
548  5.37017966E+02  0  0.00000000E+00  0  0.00000000E+00  0  0.00000000E+00  0  0.00000000E+00
549  1.95792575E+03  0  0.00000000E+00  0  0.00000000E+00  0  0.00000000E+00  0  0.00000000E+00
550  5.02042002E+02  0  0.00000000E+00  0  0.00000000E+00  0  0.00000000E+00  0  0.00000000E+00
551  5.55728017E+01  0  0.00000000E+00  0  0.00000000E+00  0  0.00000000E+00  0  0.00000000E+00
552  1.21006865E+01  0  0.00000000E+00  0  0.00000000E+00  0  0.00000000E+00  0  0.00000000E+00
553  2.50053095E+03  0  0.00000000E+00  0  0.00000000E+00  0  0.00000000E+00  0  0.00000000E+00
554  4.67424791E+01  0  0.00000000E+00  0  0.00000000E+00  0  0.00000000E+00  0  0.00000000E+00
555  2.85652776E+02  0  0.00000000E+00  0  0.00000000E+00  0  0.00000000E+00  0  0.00000000E+00
556  1.58574413E+03  0  0.00000000E+00  0  0.00000000E+00  0  0.00000000E+00  0  0.00000000E+00
557  8.57900156E+01  0  0.00000000E+00  0  0.00000000E+00  0  0.00000000E+00  0  0.00000000E+00
558  2.54978012E+02  0  0.00000000E+00  0  0.00000000E+00  0  0.00000000E+00  0  0.00000000E+00
559  1.32407148E+03  0  0.00000000E+00  0  0.00000000E+00  0  0.00000000E+00  0  0.00000000E+00
560  3.89488097E+02  0  0.00000000E+00  0  0.00000000E+00  0  0.00000000E+00  0  0.00000000E+00
561  4.95140230E+02  0  0.00000000E+00  0  0.00000000E+00  0  0.00000000E+00  0  0.00000000E+00
562  3.65278900E+02  0  0.00000000E+00  0  0.00000000E+00  0  0.00000000E+00  0  0.00000000E+00
563  2.52612420E+02  0  0.00000000E+00  0  0.00000000E+00  0  0.00000000E+00  0  0.00000000E+00
564  2.00946412E+02  0  0.00000000E+00  0  0.00000000E+00  0  0.00000000E+00  0  0.00000000E+00
565  3.67926845E+02  0  0.00000000E+00  0  0.00000000E+00  0  0.00000000E+00  0  0.00000000E+00
566  2.37036170E-01  0  0.00000000E+00  0  0.00000000E+00  0  0.00000000E+00  0  0.00000000E+00
567  1.39073642E+03  0  0.00000000E+00  0  0.00000000E+00  0  0.00000000E+00  0  0.00000000E+00
568  4.86896582E+02  0  0.00000000E+00  0  0.00000000E+00  0  0.00000000E+00  0  0.00000000E+00
569  1.90618521E+02  0  0.00000000E+00  0  0.00000000E+00  0  0.00000000E+00  0  0.00000000E+00
570  9.71870052E+01  0  0.00000000E+00  0  0.00000000E+00  0  0.00000000E+00  0  0.00000000E+00
571  3.86361059E+01  0  0.00000000E+00  0  0.00000000E+00  0  0.00000000E+00  0  0.00000000E+00
572  3.67267641E-01  0  0.00000000E+00  0  0.00000000E+00  0  0.00000000E+00  0  0.00000000E+00
573  4.42704039E-01  0  0.00000000E+00  0  0.00000000E+00  0  0.00000000E+00  0  0.00000000E+00
574  2.49999519E+00  0  0.00000000E+00  0  0.00000000E+00  0  0.00000000E+00  0  0.00000000E+00
575  1.48828013E+01  0  0.00000000E+00  0  0.00000000E+00  0  0.00000000E+00  0  0.00000000E+00
576  6.82055231E+01  0  0.00000000E+00  0  0.00000000E+00  0  0.00000000E+00  0  0.00000000E+00
577  2.30757849E+02  0  0.00000000E+00  0  0.00000000E+00  0  0.00000000E+00  0  0.00000000E+00
578  5.63572401E+02  0  0.00000000E+00  0  0.00000000E+00  0  0.00000000E+00  0  0.00000000E+00
579  1.73666999E+03  0  0.00000000E+00  0  0.00000000E+00  0  0.00000000E+00  0  0.00000000E+00
  0  0.00000000E+00  0  0.00000000E+00  0  0.00000000E+00  0  0.00000000E+00  0  0.00000000E+00
  0  0.00000000E+00  0  0.00000000E+00  0  0.00000000E+00  0  0.00000000E+00  0  0.00000000E+00
  0  0.00000000E+00  0  0.00000000E+00  0  0.00000000E+00  0  0.00000000E+00  0  0.00000000E+00
  0  0.00000000E+00  0  0.00000000E+00  0  0.00000000E+00  0  0.00000000E+00  0  0.00000000E+00
  0  0.00000000E+00  0  0.00000000E+00  0  0.00000000E+00  0  0.00000000E+00  0  0.00000000E+00
  0  0.00000000E+00  0  0.00000000E+00  0  0.00000000E+00  0  0.00000000E+00  0  0.00000000E+00
  0  0.00000000E+00  0  0.00000000E+00  0  0.00000000E+00  0  0.00000000E+00  0  0.00000000E+00
  0  0.00000000E+00  0  0.00000000E+00  0  0.00000000E+00  0  0.00000000E+00  0  0.00000000E+00
  0  0.00000000E+00  0  0.00000000E+00  0  0.00000000E+00  0  0.00000000E+00  0  0.00000000E+00
  0  0.00000000E+00  0  0.00000000E+00  0  0.00000000E+00  0  0.00000000E+00  0  0.00000000E+00
  0  0.00000000E+00  0  0.00000000E+00  0  0.00000000E+00  0  0.00000000E+00  0  0.00000000E+00
  0  0.00000000E+00  0  0.00000000E+00  0  0.00000000E+00  0  0.00000000E+00  0  0.00000000E+00
  0  0.00000000E+00  0  0.00000000E+00  0  0.00000000E+00  0  0.00000000E+00  0  0.00000000E+00
  0  0.00000000E+00  0  0.00000000E+00  0  0.00000000E+00  0  0.00000000E+00  0  0.00000000E+00
  0  0.00000000E+00  0  0.00000000E+00  0  0.00000000E+00  0  0.00000000E+00  0  0.00000000E+00
  0  0.00000000E+00  0  0.00000000E+00  0  0.00000000E+00  0  0.00000000E+00  0  0.00000000E+00
  0  0.00000000E+00  0  0.00000000E+00  0  0.00000000E+00  0  0.00000000E+00  0  0.00000000E+00
  0  0.00000000E+00  0  0.00000000E+00  0  0.00000000E+00  0  0.00000000E+00  0  0.00000000E+00
  0  0.00000000E+00  0  0.00000000E+00  0  0.00000000E+00  0  0.00000000E+00  0  0.00000000E+00
  0  0.00000000E+00  0  0.00000000E+00  0  0.00000000E+00  0  0.00000000E+00  0  0.00000000E+00
  0  0.00000000E+00  0  0.00000000E+00  0  0.00000000E+00  0  0.00000000E+00  0  0.00000000E+00
  0  0.00000000E+00  0  0.00000000E+00  0  0.00000000E+00  0  0.00000000E+00  0  0.00000000E+00
  0  0.00000000E+00  0  0.00000000E+00  0  0.00000000E+00  0  0.00000000E+00  0  0.00000000E+00
  0  0.00000000E+00  0  0.00000000E+00  0  0.00000000E+00  0  0.00000000E+00  0  0.00000000E+00
