  
 Ions:
 [H2+] 
 [H-]  
 [H3+] 
 [H+]  
  
 Neutrals:
 [H2]  
 [Hv1] 
 [Hv2] 
 [Hv3] 
 [Hv4] 
 [Hv5] 
 [Hv6] 
 [Hv7] 
 [Hv8] 
 [Hv9] 
 [Hv10]
 [Hv11]
 [Hv12]
 [Hv13]
 [Hv14]
 [H]   
  
 Reactions:
   1 [e]+[H]->[e]+[H]                  10.20
   2 [e]+[H]->[e]+[H]                  12.09
   3 [e]+[H]->[e]+[H]                  12.75
   4 [e]+[H]->[e]+[H]                  13.06
   5 [e]+[H]->[e]+[e]+[H+]             13.60
   6 [e]+[H]->[e]+[H]                   0.00
   7 [H]+[H]->[H]+[H]                   0.00
   8 [H]+[H2]->[H]+[H2]                 0.00
   9 [H2]+[H2]->[H2]+[H2]               0.00
  10 [e]+[H3+]->[H]+[H]+[H]             0.00
  11 [e]+[H3+]->[H]+[H2]                0.00
  12 [e]+[H3+]->[e]+[H+]+[H]+[H]       15.00
  13 [e]+[H3+]->[e]+[H+]+[H2]          15.00
  14 [H3+]+[H2]->[H3+]+[H2]             0.00
  15 [H3+]+[H]->[H3+]+[H]               0.00
  16 [e]+[H2+]->[H]+[H]                 0.00
  17 [e]+[H2+]->[e]+[H+]+[H]            2.40
  18 [e]+[H2+]->[e]+[H+]+[H]           14.00
  19 [e]+[H2+]->[e]+[H+]+[H+]+[e]      14.70
  20 [H2+]+[H2]->[H3+]+[H]              0.00
  21 [H2+]+[H2]->[H2+]+[H2]             0.00
  22 [H2+]+[H]->[H2+]+[H]               0.00
  23 [H+]+[H]->[H+]+[H]                 0.00
  24 [H+]+[H]->[H+]+[H]                 0.00
  25 [H+]+[H2]->[H+]+[H2]               0.00
  26 [H+]+[H2]->[H+]+[H2]               0.03
  27 [H+]+[H2]->[H+]+[H2]               0.05
  28 [H+]+[H2]->[H+]+[H2]               0.52
  29 [H+]+[H2]->[H+]+[H2]               1.00
  30 [e]+[H-]->[e]+[e]+[H]              0.75
  31 [e]+[H2]->[H-]+[H]                 0.10
  32 [H-]+[H]->[e]+[H]+[H]              0.00
  33 [H-]+[H]->[e]+[H2]                 0.00
  34 [H-]+[H2]->[H-]+[H2]               0.00
  35 [H-]+[H]->[H-]+[H]                 0.00
  36 [H+]+[H-]->[H]+[H]                 0.00
  37 [H+]+[H-]->[H]+[H]                 0.00
  38 [H+]+[H-]->[H2+]+[e]               0.00
  39 [H-]+[H2]->[H2]+[H]+[e]            0.97
  40 [H-]+[H]->[H]+[H-]                 0.00
  41 [e]+[H2+]->[e]+[H2+]               0.00
  42 [e]+[H2]->[H-]+[H]                 3.73
  43 [e]+[H2]->[H-]+[H]                13.93
  44 [e]+[H2]->[e]+[e]+[H+]+[H]        17.50
  45 [e]+[H2]->[e]+[H]+[H]              4.50
  46 [e]+[H2]->[e]+[H]+[H]             15.00
  47 [e]+[H2]->[e]+[H]+[H]             17.00
  48 [e]+[H2]->[e]+[H]+[H]             18.00
  49 [e]+[H2]->[e]+[H2]                 0.00
  50 [e]+[H2]->[e]+[H2]                15.00
  51 [e]+[H2]->[e]+[H2]                14.00
  52 [e]+[H2]->[e]+[H2]                13.00
  53 [e]+[H2]->[e]+[H2]                15.00
  54 [e]+[H2]->[e]+[H2]                14.00
  55 [e]+[H2]->[e]+[e]+[H2+]           16.00
  56 [e]+[H2]->[e]+[H2]                12.00
  57 [e]+[H2]->[e]+[Hv9]               12.00
  58 [e]+[H2]->[e]+[Hv10]              12.00
  59 [e]+[H2]->[e]+[Hv11]              12.00
  60 [e]+[H2]->[e]+[Hv12]              12.00
  61 [e]+[H2]->[e]+[Hv13]              12.00
  62 [e]+[H2]->[e]+[Hv14]              12.00
  63 [e]+[H2]->[e]+[Hv1]               12.00
  64 [e]+[H2]->[e]+[Hv2]               12.00
  65 [e]+[H2]->[e]+[Hv3]               12.00
  66 [e]+[H2]->[e]+[Hv4]               12.00
  67 [e]+[H2]->[e]+[Hv5]               12.00
  68 [e]+[H2]->[e]+[Hv6]               12.00
  69 [e]+[H2]->[e]+[Hv7]               12.00
  70 [e]+[H2]->[e]+[Hv8]               12.00
  71 [e]+[H2]->[e]+[Hv1]                0.52
  72 [e]+[H2]->[e]+[Hv10]               3.87
  73 [e]+[H2]->[e]+[Hv11]               4.08
  74 [e]+[H2]->[e]+[Hv12]               4.26
  75 [e]+[H2]->[e]+[Hv13]               4.39
  76 [e]+[H2]->[e]+[Hv14]               4.47
  77 [e]+[H2]->[e]+[Hv2]                1.01
  78 [e]+[H2]->[e]+[Hv3]                1.47
  79 [e]+[H2]->[e]+[Hv4]                1.90
  80 [e]+[H2]->[e]+[Hv5]                2.30
  81 [e]+[H2]->[e]+[Hv6]                2.67
  82 [e]+[H2]->[e]+[Hv7]                3.02
  83 [e]+[H2]->[e]+[Hv8]                3.33
  84 [e]+[H2]->[e]+[Hv9]                3.62
  85 [e]+[Hv1]->[H-]+[H]                3.21
  86 [e]+[Hv1]->[H-]+[H]               13.41
  87 [e]+[Hv1]->[e]+[e]+[H+]+[H]       16.50
  88 [e]+[Hv1]->[e]+[H]+[H]             4.00
  89 [e]+[Hv1]->[e]+[H]+[H]            15.00
  90 [e]+[Hv1]->[e]+[H]+[H]            17.00
  91 [e]+[Hv1]->[e]+[H]+[H]            17.00
  92 [e]+[Hv1]->[e]+[H2]                0.00
  93 [e]+[Hv1]->[e]+[Hv1]              14.00
  94 [e]+[Hv1]->[e]+[Hv1]              14.00
  95 [e]+[Hv1]->[e]+[Hv1]              12.00
  96 [e]+[Hv1]->[e]+[Hv1]              15.00
  97 [e]+[Hv1]->[e]+[Hv1]              14.00
  98 [e]+[Hv1]->[e]+[e]+[H2+]          15.00
  99 [e]+[Hv1]->[e]+[Hv9]              11.00
 100 [e]+[Hv1]->[e]+[Hv10]             11.00
 101 [e]+[Hv1]->[e]+[Hv11]             11.00
 102 [e]+[Hv1]->[e]+[Hv12]             11.00
 103 [e]+[Hv1]->[e]+[Hv13]             11.00
 104 [e]+[Hv1]->[e]+[Hv14]             11.00
 105 [e]+[Hv1]->[e]+[Hv1]              11.00
 106 [e]+[Hv1]->[e]+[Hv2]              11.00
 107 [e]+[Hv1]->[e]+[Hv3]              11.00
 108 [e]+[Hv1]->[e]+[Hv4]              11.00
 109 [e]+[Hv1]->[e]+[Hv5]              11.00
 110 [e]+[Hv1]->[e]+[Hv6]              11.00
 111 [e]+[Hv1]->[e]+[Hv7]              11.00
 112 [e]+[Hv1]->[e]+[Hv8]              11.00
 113 [e]+[Hv1]->[e]+[H2]               -0.52
 114 [e]+[Hv1]->[e]+[Hv10]              3.35
 115 [e]+[Hv1]->[e]+[Hv11]              3.57
 116 [e]+[Hv1]->[e]+[Hv12]              3.74
 117 [e]+[Hv1]->[e]+[Hv13]              3.87
 118 [e]+[Hv1]->[e]+[Hv14]              3.95
 119 [e]+[Hv1]->[e]+[Hv2]               0.49
 120 [e]+[Hv1]->[e]+[Hv3]               0.95
 121 [e]+[Hv1]->[e]+[Hv4]               1.38
 122 [e]+[Hv1]->[e]+[Hv5]               1.78
 123 [e]+[Hv1]->[e]+[Hv6]               2.16
 124 [e]+[Hv1]->[e]+[Hv7]               2.50
 125 [e]+[Hv1]->[e]+[Hv8]               2.82
 126 [e]+[Hv1]->[e]+[Hv9]               3.10
 127 [e]+[Hv10]->[H-]+[H]               0.01
 128 [e]+[Hv10]->[H-]+[H]              10.06
 129 [e]+[Hv10]->[e]+[e]+[H+]+[H]      14.00
 130 [e]+[Hv10]->[e]+[H]+[H]            0.70
 131 [e]+[Hv10]->[e]+[H]+[H]           11.00
 132 [e]+[Hv10]->[e]+[H]+[H]           13.00
 133 [e]+[Hv10]->[e]+[H]+[H]           14.00
 134 [e]+[Hv10]->[e]+[H2]               0.00
 135 [e]+[Hv10]->[e]+[Hv10]            11.00
 136 [e]+[Hv10]->[e]+[Hv10]            10.00
 137 [e]+[Hv10]->[e]+[Hv10]             9.00
 138 [e]+[Hv10]->[e]+[Hv10]            11.00
 139 [e]+[Hv10]->[e]+[Hv10]            11.00
 140 [e]+[Hv10]->[e]+[e]+[H2+]         12.00
 141 [e]+[Hv10]->[e]+[Hv10]             8.00
 142 [e]+[Hv10]->[e]+[Hv11]             8.00
 143 [e]+[Hv10]->[e]+[Hv12]             8.00
 144 [e]+[Hv10]->[e]+[Hv13]             8.00
 145 [e]+[Hv10]->[e]+[Hv14]             8.00
 146 [e]+[Hv10]->[e]+[H2]              -3.87
 147 [e]+[Hv10]->[e]+[Hv9]             -0.26
 148 [e]+[Hv10]->[e]+[Hv11]             0.22
 149 [e]+[Hv10]->[e]+[Hv12]             0.40
 150 [e]+[Hv10]->[e]+[Hv13]             0.53
 151 [e]+[Hv10]->[e]+[Hv14]             0.60
 152 [e]+[Hv10]->[e]+[Hv1]             -3.35
 153 [e]+[Hv10]->[e]+[Hv2]             -2.86
 154 [e]+[Hv10]->[e]+[Hv3]             -2.41
 155 [e]+[Hv10]->[e]+[Hv4]             -1.98
 156 [e]+[Hv10]->[e]+[Hv5]             -1.57
 157 [e]+[Hv10]->[e]+[Hv6]             -1.20
 158 [e]+[Hv10]->[e]+[Hv7]             -0.86
 159 [e]+[Hv10]->[e]+[Hv8]             -0.54
 160 [e]+[Hv11]->[H-]+[H]               0.01
 161 [e]+[Hv11]->[H-]+[H]               9.85
 162 [e]+[Hv11]->[e]+[e]+[H+]+[H]      14.00
 163 [e]+[Hv11]->[e]+[H]+[H]            0.50
 164 [e]+[Hv11]->[e]+[H]+[H]           11.00
 165 [e]+[Hv11]->[e]+[H]+[H]           13.00
 166 [e]+[Hv11]->[e]+[H]+[H]           14.00
 167 [e]+[Hv11]->[e]+[H2]               0.00
 168 [e]+[Hv11]->[e]+[Hv11]            11.00
 169 [e]+[Hv11]->[e]+[Hv11]            10.00
 170 [e]+[Hv11]->[e]+[Hv11]             9.00
 171 [e]+[Hv11]->[e]+[Hv11]            11.00
 172 [e]+[Hv11]->[e]+[Hv11]            10.00
 173 [e]+[Hv11]->[e]+[e]+[H2+]         12.00
 174 [e]+[Hv11]->[e]+[Hv11]             8.00
 175 [e]+[Hv11]->[e]+[Hv12]             8.00
 176 [e]+[Hv11]->[e]+[Hv13]             8.00
 177 [e]+[Hv11]->[e]+[Hv14]             8.00
 178 [e]+[Hv11]->[e]+[H2]              -4.08
 179 [e]+[Hv11]->[e]+[Hv9]             -0.47
 180 [e]+[Hv11]->[e]+[Hv10]            -0.22
 181 [e]+[Hv11]->[e]+[Hv12]             0.18
 182 [e]+[Hv11]->[e]+[Hv13]             0.31
 183 [e]+[Hv11]->[e]+[Hv14]             0.39
 184 [e]+[Hv11]->[e]+[Hv1]             -3.57
 185 [e]+[Hv11]->[e]+[Hv2]             -3.08
 186 [e]+[Hv11]->[e]+[Hv3]             -2.62
 187 [e]+[Hv11]->[e]+[Hv4]             -2.19
 188 [e]+[Hv11]->[e]+[Hv5]             -1.79
 189 [e]+[Hv11]->[e]+[Hv6]             -1.42
 190 [e]+[Hv11]->[e]+[Hv7]             -1.07
 191 [e]+[Hv11]->[e]+[Hv8]             -0.76
 192 [e]+[Hv12]->[H-]+[H]               0.01
 193 [e]+[Hv12]->[H-]+[H]               9.67
 194 [e]+[Hv12]->[e]+[e]+[H+]+[H]      14.00
 195 [e]+[Hv12]->[e]+[H]+[H]            0.30
 196 [e]+[Hv12]->[e]+[H]+[H]           11.00
 197 [e]+[Hv12]->[e]+[H]+[H]           13.00
 198 [e]+[Hv12]->[e]+[H]+[H]           13.00
 199 [e]+[Hv12]->[e]+[H2]               0.00
 200 [e]+[Hv12]->[e]+[Hv12]            11.00
 201 [e]+[Hv12]->[e]+[Hv12]            10.00
 202 [e]+[Hv12]->[e]+[Hv12]             9.00
 203 [e]+[Hv12]->[e]+[Hv12]            11.00
 204 [e]+[Hv12]->[e]+[Hv12]            10.00
 205 [e]+[Hv12]->[e]+[e]+[H2+]         12.00
 206 [e]+[Hv12]->[e]+[Hv12]             7.00
 207 [e]+[Hv12]->[e]+[Hv13]             7.00
 208 [e]+[Hv12]->[e]+[Hv14]             7.00
 209 [e]+[Hv12]->[e]+[H2]              -4.26
 210 [e]+[Hv12]->[e]+[Hv9]             -0.65
 211 [e]+[Hv12]->[e]+[Hv10]            -0.40
 212 [e]+[Hv12]->[e]+[Hv11]            -0.18
 213 [e]+[Hv12]->[e]+[Hv13]             0.13
 214 [e]+[Hv12]->[e]+[Hv14]             0.21
 215 [e]+[Hv12]->[e]+[Hv1]             -3.74
 216 [e]+[Hv12]->[e]+[Hv2]             -3.26
 217 [e]+[Hv12]->[e]+[Hv3]             -2.80
 218 [e]+[Hv12]->[e]+[Hv4]             -2.37
 219 [e]+[Hv12]->[e]+[Hv5]             -1.97
 220 [e]+[Hv12]->[e]+[Hv6]             -1.59
 221 [e]+[Hv12]->[e]+[Hv7]             -1.25
 222 [e]+[Hv12]->[e]+[Hv8]             -0.93
 223 [e]+[Hv13]->[H-]+[H]               0.01
 224 [e]+[Hv13]->[H-]+[H]               9.54
 225 [e]+[Hv13]->[e]+[e]+[H+]+[H]      14.00
 226 [e]+[Hv13]->[e]+[H]+[H]            0.20
 227 [e]+[Hv13]->[e]+[H]+[H]           11.00
 228 [e]+[Hv13]->[e]+[H]+[H]           13.00
 229 [e]+[Hv13]->[e]+[H]+[H]           13.00
 230 [e]+[Hv13]->[e]+[H2]               0.00
 231 [e]+[Hv13]->[e]+[Hv13]            11.00
 232 [e]+[Hv13]->[e]+[Hv13]            10.00
 233 [e]+[Hv13]->[e]+[Hv13]             8.00
 234 [e]+[Hv13]->[e]+[Hv13]            11.00
 235 [e]+[Hv13]->[e]+[Hv13]            10.00
 236 [e]+[Hv13]->[e]+[e]+[H2+]         11.00
 237 [e]+[Hv13]->[e]+[Hv13]             7.00
 238 [e]+[Hv13]->[e]+[Hv14]             7.00
 239 [e]+[Hv13]->[e]+[H2]              -4.39
 240 [e]+[Hv13]->[e]+[Hv9]             -0.78
 241 [e]+[Hv13]->[e]+[Hv10]            -0.53
 242 [e]+[Hv13]->[e]+[Hv11]            -0.31
 243 [e]+[Hv13]->[e]+[Hv12]            -0.13
 244 [e]+[Hv13]->[e]+[Hv14]             0.08
 245 [e]+[Hv13]->[e]+[Hv1]             -3.87
 246 [e]+[Hv13]->[e]+[Hv2]             -3.39
 247 [e]+[Hv13]->[e]+[Hv3]             -2.93
 248 [e]+[Hv13]->[e]+[Hv4]             -2.50
 249 [e]+[Hv13]->[e]+[Hv5]             -2.09
 250 [e]+[Hv13]->[e]+[Hv6]             -1.72
 251 [e]+[Hv13]->[e]+[Hv7]             -1.38
 252 [e]+[Hv13]->[e]+[Hv8]             -1.06
 253 [e]+[Hv14]->[H-]+[H]               0.01
 254 [e]+[Hv14]->[H-]+[H]               9.47
 255 [e]+[Hv14]->[e]+[H]+[H]           11.00
 256 [e]+[Hv14]->[e]+[H]+[H]           13.00
 257 [e]+[Hv14]->[e]+[H]+[H]           13.00
 258 [e]+[Hv14]->[e]+[H2]               0.00
 259 [e]+[Hv14]->[e]+[Hv14]             0.00
 260 [e]+[Hv14]->[e]+[Hv14]            10.00
 261 [e]+[Hv14]->[e]+[Hv14]             8.00
 262 [e]+[Hv14]->[e]+[Hv14]            11.00
 263 [e]+[Hv14]->[e]+[Hv14]            10.00
 264 [e]+[Hv14]->[e]+[e]+[H2+]         11.00
 265 [e]+[Hv14]->[e]+[Hv14]             7.00
 266 [e]+[Hv14]->[e]+[H2]              -4.47
 267 [e]+[Hv14]->[e]+[Hv9]             -0.85
 268 [e]+[Hv14]->[e]+[Hv10]            -0.60
 269 [e]+[Hv14]->[e]+[Hv11]            -0.39
 270 [e]+[Hv14]->[e]+[Hv12]            -0.21
 271 [e]+[Hv14]->[e]+[Hv13]            -0.08
 272 [e]+[Hv14]->[e]+[Hv1]             -3.95
 273 [e]+[Hv14]->[e]+[Hv2]             -3.46
 274 [e]+[Hv14]->[e]+[Hv3]             -3.00
 275 [e]+[Hv14]->[e]+[Hv4]             -2.57
 276 [e]+[Hv14]->[e]+[Hv5]             -2.17
 277 [e]+[Hv14]->[e]+[Hv6]             -1.80
 278 [e]+[Hv14]->[e]+[Hv7]             -1.45
 279 [e]+[Hv14]->[e]+[Hv8]             -1.14
 280 [e]+[Hv2]->[H-]+[H]                2.73
 281 [e]+[Hv2]->[H-]+[H]               12.92
 282 [e]+[Hv2]->[e]+[e]+[H+]+[H]       16.50
 283 [e]+[Hv2]->[e]+[H]+[H]             3.50
 284 [e]+[Hv2]->[e]+[H]+[H]            14.00
 285 [e]+[Hv2]->[e]+[H]+[H]            16.00
 286 [e]+[Hv2]->[e]+[H]+[H]            17.00
 287 [e]+[Hv2]->[e]+[H2]                0.00
 288 [e]+[Hv2]->[e]+[Hv2]              14.00
 289 [e]+[Hv2]->[e]+[Hv2]              13.00
 290 [e]+[Hv2]->[e]+[Hv2]              12.00
 291 [e]+[Hv2]->[e]+[Hv2]              14.00
 292 [e]+[Hv2]->[e]+[Hv2]              13.00
 293 [e]+[Hv2]->[e]+[e]+[H2+]          15.00
 294 [e]+[Hv2]->[e]+[Hv9]              11.00
 295 [e]+[Hv2]->[e]+[Hv10]             11.00
 296 [e]+[Hv2]->[e]+[Hv11]             11.00
 297 [e]+[Hv2]->[e]+[Hv12]             11.00
 298 [e]+[Hv2]->[e]+[Hv13]             11.00
 299 [e]+[Hv2]->[e]+[Hv14]             11.00
 300 [e]+[Hv2]->[e]+[Hv2]              11.00
 301 [e]+[Hv2]->[e]+[Hv3]              11.00
 302 [e]+[Hv2]->[e]+[Hv4]              11.00
 303 [e]+[Hv2]->[e]+[Hv5]              11.00
 304 [e]+[Hv2]->[e]+[Hv6]              11.00
 305 [e]+[Hv2]->[e]+[Hv7]              11.00
 306 [e]+[Hv2]->[e]+[Hv8]              11.00
 307 [e]+[Hv2]->[e]+[H2]               -1.01
 308 [e]+[Hv2]->[e]+[Hv10]              2.86
 309 [e]+[Hv2]->[e]+[Hv11]              3.08
 310 [e]+[Hv2]->[e]+[Hv12]              3.26
 311 [e]+[Hv2]->[e]+[Hv13]              3.39
 312 [e]+[Hv2]->[e]+[Hv14]              3.46
 313 [e]+[Hv2]->[e]+[Hv1]              -0.49
 314 [e]+[Hv2]->[e]+[Hv3]               0.46
 315 [e]+[Hv2]->[e]+[Hv4]               0.89
 316 [e]+[Hv2]->[e]+[Hv5]               1.30
 317 [e]+[Hv2]->[e]+[Hv6]               1.67
 318 [e]+[Hv2]->[e]+[Hv7]               2.01
 319 [e]+[Hv2]->[e]+[Hv8]               2.33
 320 [e]+[Hv2]->[e]+[Hv9]               2.61
 321 [e]+[Hv3]->[H-]+[H]                2.27
 322 [e]+[Hv3]->[H-]+[H]               12.46
 323 [e]+[Hv3]->[e]+[e]+[H+]+[H]       15.50
 324 [e]+[Hv3]->[e]+[H]+[H]             3.50
 325 [e]+[Hv3]->[e]+[H]+[H]            14.00
 326 [e]+[Hv3]->[e]+[H]+[H]            16.00
 327 [e]+[Hv3]->[e]+[H]+[H]            16.00
 328 [e]+[Hv3]->[e]+[H2]                0.00
 329 [e]+[Hv3]->[e]+[Hv3]              14.00
 330 [e]+[Hv3]->[e]+[Hv3]              13.00
 331 [e]+[Hv3]->[e]+[Hv3]              11.00
 332 [e]+[Hv3]->[e]+[Hv3]              14.00
 333 [e]+[Hv3]->[e]+[Hv3]              13.00
 334 [e]+[Hv3]->[e]+[e]+[H2+]          14.00
 335 [e]+[Hv3]->[e]+[Hv9]              10.00
 336 [e]+[Hv3]->[e]+[Hv10]             10.00
 337 [e]+[Hv3]->[e]+[Hv11]             10.00
 338 [e]+[Hv3]->[e]+[Hv12]             10.00
 339 [e]+[Hv3]->[e]+[Hv13]             10.00
 340 [e]+[Hv3]->[e]+[Hv14]             10.00
 341 [e]+[Hv3]->[e]+[Hv3]              10.00
 342 [e]+[Hv3]->[e]+[Hv4]              10.00
 343 [e]+[Hv3]->[e]+[Hv5]              10.00
 344 [e]+[Hv3]->[e]+[Hv6]              10.00
 345 [e]+[Hv3]->[e]+[Hv7]              10.00
 346 [e]+[Hv3]->[e]+[Hv8]              10.00
 347 [e]+[Hv3]->[e]+[H2]               -1.47
 348 [e]+[Hv3]->[e]+[Hv10]              2.41
 349 [e]+[Hv3]->[e]+[Hv11]              2.62
 350 [e]+[Hv3]->[e]+[Hv12]              2.80
 351 [e]+[Hv3]->[e]+[Hv13]              2.93
 352 [e]+[Hv3]->[e]+[Hv14]              3.00
 353 [e]+[Hv3]->[e]+[Hv1]              -0.95
 354 [e]+[Hv3]->[e]+[Hv2]              -0.46
 355 [e]+[Hv3]->[e]+[Hv4]               0.44
 356 [e]+[Hv3]->[e]+[Hv5]               0.84
 357 [e]+[Hv3]->[e]+[Hv6]               1.21
 358 [e]+[Hv3]->[e]+[Hv7]               1.56
 359 [e]+[Hv3]->[e]+[Hv8]               1.87
 360 [e]+[Hv3]->[e]+[Hv9]               2.16
 361 [e]+[Hv4]->[H-]+[H]                1.84
 362 [e]+[Hv4]->[H-]+[H]               12.03
 363 [e]+[Hv4]->[e]+[e]+[H+]+[H]       15.50
 364 [e]+[Hv4]->[e]+[H]+[H]             2.50
 365 [e]+[Hv4]->[e]+[H]+[H]            13.00
 366 [e]+[Hv4]->[e]+[H]+[H]            15.00
 367 [e]+[Hv4]->[e]+[H]+[H]            16.00
 368 [e]+[Hv4]->[e]+[H2]                0.00
 369 [e]+[Hv4]->[e]+[Hv4]              13.00
 370 [e]+[Hv4]->[e]+[Hv4]              12.00
 371 [e]+[Hv4]->[e]+[Hv4]              11.00
 372 [e]+[Hv4]->[e]+[Hv4]              13.00
 373 [e]+[Hv4]->[e]+[Hv4]              13.00
 374 [e]+[Hv4]->[e]+[e]+[H2+]          14.00
 375 [e]+[Hv4]->[e]+[Hv9]              10.00
 376 [e]+[Hv4]->[e]+[Hv10]             10.00
 377 [e]+[Hv4]->[e]+[Hv11]             10.00
 378 [e]+[Hv4]->[e]+[Hv12]             10.00
 379 [e]+[Hv4]->[e]+[Hv13]             10.00
 380 [e]+[Hv4]->[e]+[Hv14]             10.00
 381 [e]+[Hv4]->[e]+[Hv4]              10.00
 382 [e]+[Hv4]->[e]+[Hv5]              10.00
 383 [e]+[Hv4]->[e]+[Hv6]              10.00
 384 [e]+[Hv4]->[e]+[Hv7]              10.00
 385 [e]+[Hv4]->[e]+[Hv8]              10.00
 386 [e]+[Hv4]->[e]+[H2]               -1.90
 387 [e]+[Hv4]->[e]+[Hv10]              1.98
 388 [e]+[Hv4]->[e]+[Hv11]              2.19
 389 [e]+[Hv4]->[e]+[Hv12]              2.37
 390 [e]+[Hv4]->[e]+[Hv13]              2.50
 391 [e]+[Hv4]->[e]+[Hv14]              2.57
 392 [e]+[Hv4]->[e]+[Hv1]              -1.38
 393 [e]+[Hv4]->[e]+[Hv2]              -0.89
 394 [e]+[Hv4]->[e]+[Hv3]              -0.44
 395 [e]+[Hv4]->[e]+[Hv5]               0.41
 396 [e]+[Hv4]->[e]+[Hv6]               0.78
 397 [e]+[Hv4]->[e]+[Hv7]               1.13
 398 [e]+[Hv4]->[e]+[Hv8]               1.44
 399 [e]+[Hv4]->[e]+[Hv9]               1.73
 400 [e]+[Hv5]->[H-]+[H]                1.44
 401 [e]+[Hv5]->[H-]+[H]               11.63
 402 [e]+[Hv5]->[e]+[e]+[H+]+[H]       14.50
 403 [e]+[Hv5]->[e]+[H]+[H]             2.50
 404 [e]+[Hv5]->[e]+[H]+[H]            13.00
 405 [e]+[Hv5]->[e]+[H]+[H]            15.00
 406 [e]+[Hv5]->[e]+[H]+[H]            15.00
 407 [e]+[Hv5]->[e]+[H2]                0.00
 408 [e]+[Hv5]->[e]+[Hv5]              13.00
 409 [e]+[Hv5]->[e]+[Hv5]              12.00
 410 [e]+[Hv5]->[e]+[Hv5]              10.00
 411 [e]+[Hv5]->[e]+[Hv5]              13.00
 412 [e]+[Hv5]->[e]+[Hv5]              12.00
 413 [e]+[Hv5]->[e]+[e]+[H2+]          14.00
 414 [e]+[Hv5]->[e]+[Hv9]               9.00
 415 [e]+[Hv5]->[e]+[Hv10]              9.00
 416 [e]+[Hv5]->[e]+[Hv11]              9.00
 417 [e]+[Hv5]->[e]+[Hv12]              9.00
 418 [e]+[Hv5]->[e]+[Hv13]              9.00
 419 [e]+[Hv5]->[e]+[Hv14]              9.00
 420 [e]+[Hv5]->[e]+[Hv5]               9.00
 421 [e]+[Hv5]->[e]+[Hv6]               9.00
 422 [e]+[Hv5]->[e]+[Hv7]               9.00
 423 [e]+[Hv5]->[e]+[Hv8]               9.00
 424 [e]+[Hv5]->[e]+[H2]               -2.30
 425 [e]+[Hv5]->[e]+[Hv10]              1.57
 426 [e]+[Hv5]->[e]+[Hv11]              1.79
 427 [e]+[Hv5]->[e]+[Hv12]              1.97
 428 [e]+[Hv5]->[e]+[Hv13]              2.09
 429 [e]+[Hv5]->[e]+[Hv14]              2.17
 430 [e]+[Hv5]->[e]+[Hv1]              -1.78
 431 [e]+[Hv5]->[e]+[Hv2]              -1.30
 432 [e]+[Hv5]->[e]+[Hv3]              -0.84
 433 [e]+[Hv5]->[e]+[Hv4]              -0.41
 434 [e]+[Hv5]->[e]+[Hv6]               0.38
 435 [e]+[Hv5]->[e]+[Hv7]               0.72
 436 [e]+[Hv5]->[e]+[Hv8]               1.04
 437 [e]+[Hv5]->[e]+[Hv9]               1.32
 438 [e]+[Hv6]->[H-]+[H]                1.06
 439 [e]+[Hv6]->[H-]+[H]               11.26
 440 [e]+[Hv6]->[e]+[e]+[H+]+[H]       14.50
 441 [e]+[Hv6]->[e]+[H]+[H]             1.50
 442 [e]+[Hv6]->[e]+[H]+[H]            13.00
 443 [e]+[Hv6]->[e]+[H]+[H]            14.00
 444 [e]+[Hv6]->[e]+[H]+[H]            15.00
 445 [e]+[Hv6]->[e]+[H2]                0.00
 446 [e]+[Hv6]->[e]+[Hv6]              12.00
 447 [e]+[Hv6]->[e]+[Hv6]              12.00
 448 [e]+[Hv6]->[e]+[Hv6]              10.00
 449 [e]+[Hv6]->[e]+[Hv6]              13.00
 450 [e]+[Hv6]->[e]+[Hv6]              12.00
 451 [e]+[Hv6]->[e]+[e]+[H2+]          13.00
 452 [e]+[Hv6]->[e]+[Hv9]               9.00
 453 [e]+[Hv6]->[e]+[Hv10]              9.00
 454 [e]+[Hv6]->[e]+[Hv11]              9.00
 455 [e]+[Hv6]->[e]+[Hv12]              9.00
 456 [e]+[Hv6]->[e]+[Hv13]              9.00
 457 [e]+[Hv6]->[e]+[Hv14]              9.00
 458 [e]+[Hv6]->[e]+[Hv6]               9.00
 459 [e]+[Hv6]->[e]+[Hv7]               9.00
 460 [e]+[Hv6]->[e]+[Hv8]               9.00
 461 [e]+[Hv6]->[e]+[H2]               -2.67
 462 [e]+[Hv6]->[e]+[Hv10]              1.20
 463 [e]+[Hv6]->[e]+[Hv11]              1.42
 464 [e]+[Hv6]->[e]+[Hv12]              1.59
 465 [e]+[Hv6]->[e]+[Hv13]              1.72
 466 [e]+[Hv6]->[e]+[Hv14]              1.80
 467 [e]+[Hv6]->[e]+[Hv1]              -2.16
 468 [e]+[Hv6]->[e]+[Hv2]              -1.67
 469 [e]+[Hv6]->[e]+[Hv3]              -1.21
 470 [e]+[Hv6]->[e]+[Hv4]              -0.78
 471 [e]+[Hv6]->[e]+[Hv5]              -0.38
 472 [e]+[Hv6]->[e]+[Hv7]               0.35
 473 [e]+[Hv6]->[e]+[Hv8]               0.67
 474 [e]+[Hv6]->[e]+[Hv9]               0.95
 475 [e]+[Hv7]->[H-]+[H]                0.72
 476 [e]+[Hv7]->[H-]+[H]               10.91
 477 [e]+[Hv7]->[e]+[e]+[H+]+[H]       14.50
 478 [e]+[Hv7]->[e]+[H]+[H]             1.50
 479 [e]+[Hv7]->[e]+[H]+[H]            12.00
 480 [e]+[Hv7]->[e]+[H]+[H]            14.00
 481 [e]+[Hv7]->[e]+[H]+[H]            15.00
 482 [e]+[Hv7]->[e]+[H2]                0.00
 483 [e]+[Hv7]->[e]+[Hv7]              12.00
 484 [e]+[Hv7]->[e]+[Hv7]              11.00
 485 [e]+[Hv7]->[e]+[Hv7]              10.00
 486 [e]+[Hv7]->[e]+[Hv7]              12.00
 487 [e]+[Hv7]->[e]+[Hv7]              11.00
 488 [e]+[Hv7]->[e]+[e]+[H2+]          13.00
 489 [e]+[Hv7]->[e]+[Hv9]               9.00
 490 [e]+[Hv7]->[e]+[Hv10]              9.00
 491 [e]+[Hv7]->[e]+[Hv11]              9.00
 492 [e]+[Hv7]->[e]+[Hv12]              9.00
 493 [e]+[Hv7]->[e]+[Hv13]              9.00
 494 [e]+[Hv7]->[e]+[Hv14]              9.00
 495 [e]+[Hv7]->[e]+[Hv7]               9.00
 496 [e]+[Hv7]->[e]+[Hv8]               9.00
 497 [e]+[Hv7]->[e]+[H2]               -3.02
 498 [e]+[Hv7]->[e]+[Hv10]              0.86
 499 [e]+[Hv7]->[e]+[Hv11]              1.07
 500 [e]+[Hv7]->[e]+[Hv12]              1.25
 501 [e]+[Hv7]->[e]+[Hv13]              1.38
 502 [e]+[Hv7]->[e]+[Hv14]              1.45
 503 [e]+[Hv7]->[e]+[Hv1]              -2.50
 504 [e]+[Hv7]->[e]+[Hv2]              -2.01
 505 [e]+[Hv7]->[e]+[Hv3]              -1.56
 506 [e]+[Hv7]->[e]+[Hv4]              -1.13
 507 [e]+[Hv7]->[e]+[Hv5]              -0.72
 508 [e]+[Hv7]->[e]+[Hv6]              -0.35
 509 [e]+[Hv7]->[e]+[Hv8]               0.32
 510 [e]+[Hv7]->[e]+[Hv9]               0.60
 511 [e]+[Hv8]->[H-]+[H]                0.40
 512 [e]+[Hv8]->[H-]+[H]               10.60
 513 [e]+[Hv8]->[e]+[e]+[H+]+[H]       14.00
 514 [e]+[Hv8]->[e]+[H]+[H]             1.50
 515 [e]+[Hv8]->[e]+[H]+[H]            12.00
 516 [e]+[Hv8]->[e]+[H]+[H]            14.00
 517 [e]+[Hv8]->[e]+[H]+[H]            14.00
 518 [e]+[Hv8]->[e]+[H2]                0.00
 519 [e]+[Hv8]->[e]+[Hv8]              12.00
 520 [e]+[Hv8]->[e]+[Hv8]              11.00
 521 [e]+[Hv8]->[e]+[Hv8]               9.00
 522 [e]+[Hv8]->[e]+[Hv8]              12.00
 523 [e]+[Hv8]->[e]+[Hv8]              11.00
 524 [e]+[Hv8]->[e]+[e]+[H2+]          13.00
 525 [e]+[Hv8]->[e]+[Hv9]               8.00
 526 [e]+[Hv8]->[e]+[Hv10]              8.00
 527 [e]+[Hv8]->[e]+[Hv11]              8.00
 528 [e]+[Hv8]->[e]+[Hv12]              8.00
 529 [e]+[Hv8]->[e]+[Hv13]              8.00
 530 [e]+[Hv8]->[e]+[Hv14]              8.00
 531 [e]+[Hv8]->[e]+[Hv8]               8.00
 532 [e]+[Hv8]->[e]+[H2]               -3.33
 533 [e]+[Hv8]->[e]+[Hv10]              0.54
 534 [e]+[Hv8]->[e]+[Hv11]              0.76
 535 [e]+[Hv8]->[e]+[Hv12]              0.93
 536 [e]+[Hv8]->[e]+[Hv13]              1.06
 537 [e]+[Hv8]->[e]+[Hv14]              1.14
 538 [e]+[Hv8]->[e]+[Hv1]              -2.82
 539 [e]+[Hv8]->[e]+[Hv2]              -2.33
 540 [e]+[Hv8]->[e]+[Hv3]              -1.87
 541 [e]+[Hv8]->[e]+[Hv4]              -1.44
 542 [e]+[Hv8]->[e]+[Hv5]              -1.04
 543 [e]+[Hv8]->[e]+[Hv6]              -0.67
 544 [e]+[Hv8]->[e]+[Hv7]              -0.32
 545 [e]+[Hv8]->[e]+[Hv9]               0.29
 546 [e]+[Hv9]->[H-]+[H]                0.12
 547 [e]+[Hv9]->[H-]+[H]               10.31
 548 [e]+[Hv9]->[e]+[e]+[H+]+[H]       14.00
 549 [e]+[Hv9]->[e]+[H]+[H]             0.90
 550 [e]+[Hv9]->[e]+[H]+[H]            12.00
 551 [e]+[Hv9]->[e]+[H]+[H]            13.00
 552 [e]+[Hv9]->[e]+[H]+[H]            14.00
 553 [e]+[Hv9]->[e]+[H2]                0.00
 554 [e]+[Hv9]->[e]+[Hv9]              11.00
 555 [e]+[Hv9]->[e]+[Hv9]              11.00
 556 [e]+[Hv9]->[e]+[Hv9]               9.00
 557 [e]+[Hv9]->[e]+[Hv9]              12.00
 558 [e]+[Hv9]->[e]+[Hv9]              11.00
 559 [e]+[Hv9]->[e]+[e]+[H2+]          12.00
 560 [e]+[Hv9]->[e]+[Hv9]               8.00
 561 [e]+[Hv9]->[e]+[Hv10]              8.00
 562 [e]+[Hv9]->[e]+[Hv11]              8.00
 563 [e]+[Hv9]->[e]+[Hv12]              8.00
 564 [e]+[Hv9]->[e]+[Hv13]              8.00
 565 [e]+[Hv9]->[e]+[Hv14]              8.00
 566 [e]+[Hv9]->[e]+[H2]               -3.62
 567 [e]+[Hv9]->[e]+[Hv10]              0.26
 568 [e]+[Hv9]->[e]+[Hv11]              0.47
 569 [e]+[Hv9]->[e]+[Hv12]              0.65
 570 [e]+[Hv9]->[e]+[Hv13]              0.78
 571 [e]+[Hv9]->[e]+[Hv14]              0.85
 572 [e]+[Hv9]->[e]+[Hv1]              -3.10
 573 [e]+[Hv9]->[e]+[Hv2]              -2.61
 574 [e]+[Hv9]->[e]+[Hv3]              -2.16
 575 [e]+[Hv9]->[e]+[Hv4]              -1.73
 576 [e]+[Hv9]->[e]+[Hv5]              -1.32
 577 [e]+[Hv9]->[e]+[Hv6]              -0.95
 578 [e]+[Hv9]->[e]+[Hv7]              -0.60
 579 [e]+[Hv9]->[e]+[Hv8]              -0.29
